******************************************************************************
                  TI ARM Linker PC v15.12.3                    
******************************************************************************
>> Linked Thu Jun 29 11:45:20 2017

OUTPUT FILE NAME:   <blinky.out>
ENTRY POINT SYMBOL: "_c_int00"  address: 00000619


MEMORY CONFIGURATION

         name            origin    length      used     unused   attr    fill
----------------------  --------  ---------  --------  --------  ----  --------
  FLASH                 00000000   00040000  00000836  0003f7ca  R  X
  SRAM                  20000000   00008000  00000218  00007de8  RW X


SEGMENT ALLOCATION MAP

run origin  load origin   length   init length attrs members
----------  ----------- ---------- ----------- ----- -------
00000000    00000000    00000838   00000838    r-x
  00000000    00000000    0000026c   0000026c    r-- .intvecs
  0000026c    0000026c    000005a2   000005a2    r-x .text
  00000810    00000810    00000028   00000028    r-- .cinit
20000000    20000000    00000218   00000000    rw-
  20000000    20000000    00000200   00000000    rw- .stack
  20000200    20000200    00000018   00000000    rw- .data


SECTION ALLOCATION MAP

 output                                  attributes/
section   page    origin      length       input sections
--------  ----  ----------  ----------   ----------------
.intvecs   0    00000000    0000026c     
                  00000000    0000026c     startup_ccs.obj (.intvecs)

.text      0    0000026c    000005a2     
                  0000026c    00000132     driverlib.lib : gpio.obj (.text:GPIOPadConfigSet)
                  0000039e    0000009c     rtsv7M4_T_le_v4SPD16_eabi.lib : memcpy_t2.obj (.text)
                  0000043a    00000002     startup_ccs.obj (.text:FaultISR)
                  0000043c    00000084     blinky.obj (.text:main)
                  000004c0    0000007a     rtsv7M4_T_le_v4SPD16_eabi.lib : memset_t2.obj (.text)
                  0000053a    00000002     startup_ccs.obj (.text:IntDefaultHandler)
                  0000053c    00000070     rtsv7M4_T_le_v4SPD16_eabi.lib : autoinit.obj (.text)
                  000005ac    0000006a                                   : copy_decompress_rle.obj (.text)
                  00000616    00000002     startup_ccs.obj (.text:NmiSR)
                  00000618    00000054     rtsv7M4_T_le_v4SPD16_eabi.lib : boot.obj (.text)
                  0000066c    00000054                                   : exit.obj (.text)
                  000006c0    0000004c                                   : cpy_tbl.obj (.text)
                  0000070c    00000038     driverlib.lib : sysctl.obj (.text:SysCtlPeripheralReady)
                  00000744    00000034                   : sysctl.obj (.text:SysCtlPeripheralEnable)
                  00000778    0000002a                   : gpio.obj (.text:GPIODirModeSet)
                  000007a2    00000018                   : gpio.obj (.text:GPIOPinTypeGPIOOutput)
                  000007ba    00000002     rtsv7M4_T_le_v4SPD16_eabi.lib : mpu_init.obj (.text)
                  000007bc    00000018                                   : args_main.obj (.text)
                  000007d4    00000014                                   : _lock.obj (.text)
                  000007e8    0000000e                                   : copy_decompress_none.obj (.text:decompress:none)
                  000007f6    00000006     driverlib.lib : gpio.obj (.text:GPIOPinWrite)
                  000007fc    00000006     startup_ccs.obj (.text:ResetISR)
                  00000802    00000006     rtsv7M4_T_le_v4SPD16_eabi.lib : copy_decompress_rle.obj (.text:decompress:rle24)
                  00000808    00000004                                   : pre_init.obj (.text)
                  0000080c    00000002                                   : startup.obj (.text)

.cinit     0    00000810    00000028     
                  00000810    00000016     (.cinit..data.load) [load image, compression = rle]
                  00000826    00000002     --HOLE-- [fill = 0]
                  00000828    00000008     (__TI_handler_table)
                  00000830    00000008     (__TI_cinit_table)

.init_array 
*          0    00000000    00000000     UNINITIALIZED

.stack     0    20000000    00000200     UNINITIALIZED
                  20000000    00000200     --HOLE--

.data      0    20000200    00000018     UNINITIALIZED
                  20000200    0000000c     rtsv7M4_T_le_v4SPD16_eabi.lib : exit.obj (.data:$O1$$)
                  2000020c    00000008                                   : _lock.obj (.data:$O1$$)
                  20000214    00000004                                   : stkdepth_vars.obj (.data)

MODULE SUMMARY

       Module                     code   ro data   rw data
       ------                     ----   -------   -------
    .\
       startup_ccs.obj            12     620       0      
       blinky.obj                 132    0         0      
    +--+--------------------------+------+---------+---------+
       Total:                     144    620       0      
                                                          
    C:/ti/tirex-content/TivaWare_C_Series-2.1.3.156/driverlib/ccs/Debug/driverlib.lib
       gpio.obj                   378    0         0      
       sysctl.obj                 108    0         0      
    +--+--------------------------+------+---------+---------+
       Total:                     486    0         0      
                                                          
    C:\ti\ccsv6\tools\compiler\arm_15.12.3.LTS\lib\rtsv7M4_T_le_v4SPD16_eabi.lib
       memcpy_t2.obj              156    0         0      
       memset_t2.obj              122    0         0      
       autoinit.obj               112    0         0      
       copy_decompress_rle.obj    112    0         0      
       exit.obj                   84     0         12     
       boot.obj                   84     0         0      
       cpy_tbl.obj                76     0         0      
       _lock.obj                  20     0         8      
       args_main.obj              24     0         0      
       copy_decompress_none.obj   14     0         0      
       pre_init.obj               4      0         0      
       stkdepth_vars.obj          0      0         4      
       mpu_init.obj               2      0         0      
       startup.obj                2      0         0      
    +--+--------------------------+------+---------+---------+
       Total:                     812    0         24     
                                                          
       Stack:                     0      0         512    
       Linker Generated:          0      38        0      
    +--+--------------------------+------+---------+---------+
       Grand Total:               1442   658       536    


LINKER GENERATED COPY TABLES

__TI_cinit_table @ 00000830 records: 1, size/record: 8, table size: 8
	.data: load addr=00000810, load size=00000016 bytes, run addr=20000200, run size=00000018 bytes, compression=rle


LINKER GENERATED HANDLER TABLE

__TI_handler_table @ 00000828 records: 2, size/record: 4, table size: 8
	index: 0, handler: __TI_decompress_rle24
	index: 1, handler: __TI_decompress_none


GLOBAL SYMBOLS: SORTED ALPHABETICALLY BY Name 

address   name                           
-------   ----                           
0000066d  C$$EXIT                        
00000779  GPIODirModeSet                 
0000026d  GPIOPadConfigSet               
000007a3  GPIOPinTypeGPIOOutput          
000007f7  GPIOPinWrite                   
000007fd  ResetISR                       
UNDEFED   SHT$$INIT_ARRAY$$Base          
UNDEFED   SHT$$INIT_ARRAY$$Limit         
00000745  SysCtlPeripheralEnable         
0000070d  SysCtlPeripheralReady          
20000200  __STACK_END                    
00000200  __STACK_SIZE                   
20000200  __STACK_TOP                    
00000830  __TI_CINIT_Base                
00000838  __TI_CINIT_Limit               
00000828  __TI_Handler_Table_Base        
00000830  __TI_Handler_Table_Limit       
0000053d  __TI_auto_init                 
20000200  __TI_cleanup_ptr               
000007e9  __TI_decompress_none           
00000803  __TI_decompress_rle24          
20000204  __TI_dtors_ptr                 
20000208  __TI_enable_exit_profile_output
ffffffff  __TI_pprof_out_hndl            
ffffffff  __TI_prof_data_size            
ffffffff  __TI_prof_data_start           
00000000  __TI_static_base__             
000004c1  __aeabi_memclr                 
000004c1  __aeabi_memclr4                
000004c1  __aeabi_memclr8                
0000039f  __aeabi_memcpy                 
0000039f  __aeabi_memcpy4                
0000039f  __aeabi_memcpy8                
000004c3  __aeabi_memset                 
000004c3  __aeabi_memset4                
000004c3  __aeabi_memset8                
ffffffff  __binit__                      
ffffffff  __c_args__                     
000007bb  __mpu_init                     
20000000  __stack                        
000007bd  _args_main                     
00000619  _c_int00                       
2000020c  _lock                          
000007e3  _nop                           
000007db  _register_lock                 
000007d5  _register_unlock               
0000080d  _system_post_cinit             
00000809  _system_pre_init               
20000210  _unlock                        
00000671  abort                          
ffffffff  binit                          
000006c1  copy_in                        
00000679  exit                           
00000000  g_pfnVectors                   
0000043d  main                           
20000214  main_func_sp                   
0000039f  memcpy                         
000004c9  memset                         


GLOBAL SYMBOLS: SORTED BY Symbol Address 

address   name                           
-------   ----                           
00000000  __TI_static_base__             
00000000  g_pfnVectors                   
00000200  __STACK_SIZE                   
0000026d  GPIOPadConfigSet               
0000039f  __aeabi_memcpy                 
0000039f  __aeabi_memcpy4                
0000039f  __aeabi_memcpy8                
0000039f  memcpy                         
0000043d  main                           
000004c1  __aeabi_memclr                 
000004c1  __aeabi_memclr4                
000004c1  __aeabi_memclr8                
000004c3  __aeabi_memset                 
000004c3  __aeabi_memset4                
000004c3  __aeabi_memset8                
000004c9  memset                         
0000053d  __TI_auto_init                 
00000619  _c_int00                       
0000066d  C$$EXIT                        
00000671  abort                          
00000679  exit                           
000006c1  copy_in                        
0000070d  SysCtlPeripheralReady          
00000745  SysCtlPeripheralEnable         
00000779  GPIODirModeSet                 
000007a3  GPIOPinTypeGPIOOutput          
000007bb  __mpu_init                     
000007bd  _args_main                     
000007d5  _register_unlock               
000007db  _register_lock                 
000007e3  _nop                           
000007e9  __TI_decompress_none           
000007f7  GPIOPinWrite                   
000007fd  ResetISR                       
00000803  __TI_decompress_rle24          
00000809  _system_pre_init               
0000080d  _system_post_cinit             
00000828  __TI_Handler_Table_Base        
00000830  __TI_CINIT_Base                
00000830  __TI_Handler_Table_Limit       
00000838  __TI_CINIT_Limit               
20000000  __stack                        
20000200  __STACK_END                    
20000200  __STACK_TOP                    
20000200  __TI_cleanup_ptr               
20000204  __TI_dtors_ptr                 
20000208  __TI_enable_exit_profile_output
2000020c  _lock                          
20000210  _unlock                        
20000214  main_func_sp                   
ffffffff  __TI_pprof_out_hndl            
ffffffff  __TI_prof_data_size            
ffffffff  __TI_prof_data_start           
ffffffff  __binit__                      
ffffffff  __c_args__                     
ffffffff  binit                          
UNDEFED   SHT$$INIT_ARRAY$$Base          
UNDEFED   SHT$$INIT_ARRAY$$Limit         

[58 symbols]
