******************************************************************************
                  TI ARM Linker PC v15.12.3                    
******************************************************************************
>> Linked Mon Jul 03 13:58:46 2017

OUTPUT FILE NAME:   <blinky.out>
ENTRY POINT SYMBOL: "_c_int00"  address: 00003199


MEMORY CONFIGURATION

         name            origin    length      used     unused   attr    fill
----------------------  --------  ---------  --------  --------  ----  --------
  FLASH                 00000000   00040000  000036c9  0003c937  R  X
  SRAM                  20000000   00008000  000005cc  00007a34  RW X


SEGMENT ALLOCATION MAP

run origin  load origin   length   init length attrs members
----------  ----------- ---------- ----------- ----- -------
00000000    00000000    000036cc   000036cc    r-x
  00000000    00000000    0000026c   0000026c    r-- .intvecs
  0000026c    0000026c    000032b8   000032b8    r-x .text
  00003524    00003524    00000101   00000101    r-- .const
  00003628    00003628    000000a4   000000a4    r-- .cinit
20000000    20000000    000005d0   00000000    rw-
  20000000    20000000    00000200   00000000    rw- .stack
  20000200    20000200    000001fc   00000000    rw- .data
  200003fc    200003fc    000001c8   00000000    rw- .bss
  200005c8    200005c8    00000008   00000000    rw- .sysmem


SECTION ALLOCATION MAP

 output                                  attributes/
section   page    origin      length       input sections
--------  ----  ----------  ----------   ----------------
.intvecs   0    00000000    0000026c     
                  00000000    0000026c     startup_ccs.obj (.intvecs)

.text      0    0000026c    000032b8     
                  0000026c    00001110     rtsv7M4_T_le_v4SPD16_eabi.lib : _printfi.obj (.text)
                  0000137c    000003dc                                   : memory.obj (.text)
                  00001758    00000324                                   : trgdrv.obj (.text)
                  00001a7c    0000030c                                   : lowlev.obj (.text)
                  00001d88    000001f4                                   : ull_div_t2.obj (.text)
                  00001f7c    000001c4                                   : fopen.obj (.text)
                  00002140    000001b6                                   : fd_add_t2.obj (.text)
                  000022f6    00000136                                   : fd_div_t2.obj (.text)
                  0000242c    00000134                                   : fputs.obj (.text)
                  00002560    00000132     driverlib.lib : gpio.obj (.text:GPIOPadConfigSet)
                  00002692    000000fc     rtsv7M4_T_le_v4SPD16_eabi.lib : fd_mul_t2.obj (.text)
                  0000278e    00000002     startup_ccs.obj (.text:FaultISR)
                  00002790    000000fc     rtsv7M4_T_le_v4SPD16_eabi.lib : s_scalbn.obj (.text)
                  0000288c    000000dc                                   : setvbuf.obj (.text)
                  00002968    000000c8                                   : fflush.obj (.text)
                  00002a30    000000ac                                   : _io_perm.obj (.text)
                  00002adc    0000009c                                   : memcpy_t2.obj (.text)
                  00002b78    00000098                                   : fclose.obj (.text)
                  00002c10    00000098                                   : fputc.obj (.text)
                  00002ca8    00000094     blinky.obj (.text:main)
                  00002d3c    00000086     rtsv7M4_T_le_v4SPD16_eabi.lib : fd_cmp_t2.obj (.text:__aeabi_cdcmple)
                  00002dc2    00000086                                   : fd_cmp_t2.obj (.text:__aeabi_cdrcmple)
                  00002e48    0000007a                                   : memset_t2.obj (.text)
                  00002ec2    00000002     startup_ccs.obj (.text:IntDefaultHandler)
                  00002ec4    00000070     rtsv7M4_T_le_v4SPD16_eabi.lib : autoinit.obj (.text)
                  00002f34    00000070                                   : printf.obj (.text)
                  00002fa4    0000006a                                   : copy_decompress_rle.obj (.text)
                  0000300e    00000002     startup_ccs.obj (.text:NmiSR)
                  00003010    00000068     rtsv7M4_T_le_v4SPD16_eabi.lib : trgmsg.obj (.text)
                  00003078    00000064                                   : fseek.obj (.text)
                  000030dc    00000064                                   : s_frexp.obj (.text)
                  00003140    00000056                                   : ltoa.obj (.text)
                  00003196    00000002                                   : mpu_init.obj (.text)
                  00003198    00000054                                   : boot.obj (.text)
                  000031ec    00000054                                   : exit.obj (.text)
                  00003240    0000004c                                   : atoi.obj (.text)
                  0000328c    0000004c                                   : cpy_tbl.obj (.text)
                  000032d8    00000048                                   : fd_toi_t2.obj (.text)
                  00003320    00000038     driverlib.lib : sysctl.obj (.text:SysCtlPeripheralReady)
                  00003358    00000034                   : sysctl.obj (.text:SysCtlPeripheralEnable)
                  0000338c    00000030     rtsv7M4_T_le_v4SPD16_eabi.lib : strncpy.obj (.text)
                  000033bc    0000002e                                   : i_tofd_t2.obj (.text)
                  000033ea    0000002a     driverlib.lib : gpio.obj (.text:GPIODirModeSet)
                  00003414    00000020     rtsv7M4_T_le_v4SPD16_eabi.lib : memchr.obj (.text)
                  00003434    0000001c                                   : memccpy.obj (.text)
                  00003450    00000018     driverlib.lib : gpio.obj (.text:GPIOPinTypeGPIOOutput)
                  00003468    00000018     rtsv7M4_T_le_v4SPD16_eabi.lib : args_main.obj (.text)
                  00003480    00000018                                   : strcmp.obj (.text)
                  00003498    00000016                                   : strchr.obj (.text)
                  000034ae    00000002                                   : startup.obj (.text)
                  000034b0    00000014                                   : _lock.obj (.text)
                  000034c4    00000014                                   : s_copysign.obj (.text)
                  000034d8    00000014                                   : strcpy.obj (.text)
                  000034ec    00000014                                   : strlen.obj (.text)
                  00003500    0000000e                                   : copy_decompress_none.obj (.text:decompress:none)
                  0000350e    00000006     driverlib.lib : gpio.obj (.text:GPIOPinWrite)
                  00003514    00000006     startup_ccs.obj (.text:ResetISR)
                  0000351a    00000006     rtsv7M4_T_le_v4SPD16_eabi.lib : copy_decompress_rle.obj (.text:decompress:rle24)
                  00003520    00000004                                   : pre_init.obj (.text)

.const     0    00003524    00000101     
                  00003524    00000101     rtsv7M4_T_le_v4SPD16_eabi.lib : ctype.obj (.const:.string:_ctypes_)

.cinit     0    00003628    000000a4     
                  00003628    0000007e     (.cinit..data.load) [load image, compression = rle]
                  000036a6    00000002     --HOLE-- [fill = 0]
                  000036a8    0000000b     (.cinit..bss.load) [load image, compression = rle]
                  000036b3    00000001     --HOLE-- [fill = 0]
                  000036b4    00000008     (__TI_handler_table)
                  000036bc    00000010     (__TI_cinit_table)

.init_array 
*          0    00000000    00000000     UNINITIALIZED

.stack     0    20000000    00000200     UNINITIALIZED
                  20000000    00000200     --HOLE--

.data      0    20000200    000001fc     UNINITIALIZED
                  20000200    000000f0     rtsv7M4_T_le_v4SPD16_eabi.lib : defs.obj (.data:_ftable)
                  200002f0    000000d0                                   : lowlev.obj (.data:$O1$$)
                  200003c0    00000010                                   : defs.obj (.data)
                  200003d0    0000000c                                   : exit.obj (.data:$O1$$)
                  200003dc    0000000c                                   : memory.obj (.data:$O1$$)
                  200003e8    00000008                                   : _lock.obj (.data:$O1$$)
                  200003f0    00000004                                   : errno.obj (.data)
                  200003f4    00000004                                   : fopen.obj (.data)
                  200003f8    00000004                                   : stkdepth_vars.obj (.data)

.bss       0    200003fc    000001c8     UNINITIALIZED
                  200003fc    00000120     rtsv7M4_T_le_v4SPD16_eabi.lib : trgmsg.obj (.bss:_CIOBUF_)
                  2000051c    000000a0     (.common:__TI_tmpnams)
                  200005bc    00000008                                   : trgdrv.obj (.bss:parmbuf)

.sysmem    0    200005c8    00000008     UNINITIALIZED
                  200005c8    00000008     rtsv7M4_T_le_v4SPD16_eabi.lib : memory.obj (.sysmem)

MODULE SUMMARY

       Module                     code    ro data   rw data
       ------                     ----    -------   -------
    .\
       startup_ccs.obj            12      620       0      
       blinky.obj                 148     0         0      
    +--+--------------------------+-------+---------+---------+
       Total:                     160     620       0      
                                                           
    C:/ti/tirex-content/TivaWare_C_Series-2.1.3.156/driverlib/ccs/Debug/driverlib.lib
       gpio.obj                   378     0         0      
       sysctl.obj                 108     0         0      
    +--+--------------------------+-------+---------+---------+
       Total:                     486     0         0      
                                                           
    C:\ti\ccsv6\tools\compiler\arm_15.12.3.LTS\lib\rtsv7M4_T_le_v4SPD16_eabi.lib
       _printfi.obj               4368    0         0      
       memory.obj                 988     0         12     
       lowlev.obj                 780     0         208    
       trgdrv.obj                 804     0         8      
       ull_div_t2.obj             500     0         0      
       fopen.obj                  452     0         4      
       fd_add_t2.obj              438     0         0      
       defs.obj                   0       0         416    
       trgmsg.obj                 104     0         288    
       fd_div_t2.obj              310     0         0      
       fputs.obj                  308     0         0      
       fd_cmp_t2.obj              268     0         0      
       ctype.obj                  0       257       0      
       fd_mul_t2.obj              252     0         0      
       s_scalbn.obj               252     0         0      
       setvbuf.obj                220     0         0      
       fflush.obj                 200     0         0      
       _io_perm.obj               172     0         0      
       memcpy_t2.obj              156     0         0      
       fclose.obj                 152     0         0      
       fputc.obj                  152     0         0      
       memset_t2.obj              122     0         0      
       autoinit.obj               112     0         0      
       copy_decompress_rle.obj    112     0         0      
       printf.obj                 112     0         0      
       fseek.obj                  100     0         0      
       s_frexp.obj                100     0         0      
       exit.obj                   84      0         12     
       ltoa.obj                   86      0         0      
       boot.obj                   84      0         0      
       atoi.obj                   76      0         0      
       cpy_tbl.obj                76      0         0      
       fd_toi_t2.obj              72      0         0      
       strncpy.obj                48      0         0      
       i_tofd_t2.obj              46      0         0      
       memchr.obj                 32      0         0      
       _lock.obj                  20      0         8      
       memccpy.obj                28      0         0      
       args_main.obj              24      0         0      
       strcmp.obj                 24      0         0      
       strchr.obj                 22      0         0      
       s_copysign.obj             20      0         0      
       strcpy.obj                 20      0         0      
       strlen.obj                 20      0         0      
       copy_decompress_none.obj   14      0         0      
       errno.obj                  0       0         4      
       pre_init.obj               4       0         0      
       stkdepth_vars.obj          0       0         4      
       mpu_init.obj               2       0         0      
       startup.obj                2       0         0      
    +--+--------------------------+-------+---------+---------+
       Total:                     12338   257       964    
                                                           
       Heap:                      0       0         8      
       Stack:                     0       0         512    
       Linker Generated:          0       161       0      
    +--+--------------------------+-------+---------+---------+
       Grand Total:               12984   1038      1484   


LINKER GENERATED COPY TABLES

__TI_cinit_table @ 000036bc records: 2, size/record: 8, table size: 16
	.data: load addr=00003628, load size=0000007e bytes, run addr=20000200, run size=000001fc bytes, compression=rle
	.bss: load addr=000036a8, load size=0000000b bytes, run addr=200003fc, run size=000001c8 bytes, compression=rle


LINKER GENERATED HANDLER TABLE

__TI_handler_table @ 000036b4 records: 2, size/record: 4, table size: 8
	index: 0, handler: __TI_decompress_rle24
	index: 1, handler: __TI_decompress_none


GLOBAL SYMBOLS: SORTED ALPHABETICALLY BY Name 

address   name                           
-------   ----                           
000031ed  C$$EXIT                        
0000303f  C$$IO$$                        
000033eb  GPIODirModeSet                 
00002561  GPIOPadConfigSet               
00003451  GPIOPinTypeGPIOOutput          
0000350f  GPIOPinWrite                   
00001a2f  HOSTclock                      
000019f7  HOSTclose                      
000019b9  HOSTgetenv                     
0000195d  HOSTlseek                      
0000190b  HOSTopen                       
000018bf  HOSTread                       
00001861  HOSTrename                     
00001827  HOSTtime                       
000017dd  HOSTtime64                     
000017a5  HOSTunlink                     
00001759  HOSTwrite                      
00003515  ResetISR                       
UNDEFED   SHT$$INIT_ARRAY$$Base          
UNDEFED   SHT$$INIT_ARRAY$$Limit         
00003359  SysCtlPeripheralEnable         
00003321  SysCtlPeripheralReady          
200003fc  __CIOBUF_                      
20000200  __STACK_END                    
00000200  __STACK_SIZE                   
20000200  __STACK_TOP                    
00000008  __SYSMEM_SIZE                  
000036bc  __TI_CINIT_Base                
000036cc  __TI_CINIT_Limit               
000036b4  __TI_Handler_Table_Base        
000036bc  __TI_Handler_Table_Limit       
00002ec5  __TI_auto_init                 
00002045  __TI_cleanup                   
200003d0  __TI_cleanup_ptr               
00002b79  __TI_closefile                 
00003501  __TI_decompress_none           
0000351b  __TI_decompress_rle24          
00002969  __TI_doflush                   
200003d4  __TI_dtors_ptr                 
200003d8  __TI_enable_exit_profile_output
200003c0  __TI_ft_end                    
ffffffff  __TI_pprof_out_hndl            
00001077  __TI_printfi                   
ffffffff  __TI_prof_data_size            
ffffffff  __TI_prof_data_start           
00002a93  __TI_rd_ok                     
00003043  __TI_readmsg                   
00000000  __TI_static_base__             
2000051c  __TI_tmpnams                   
00003011  __TI_writemsg                  
00002a31  __TI_wrt_ok                    
00002d3d  __aeabi_cdcmpeq                
00002d3d  __aeabi_cdcmple                
00002dc3  __aeabi_cdrcmple               
000032d9  __aeabi_d2iz                   
0000214b  __aeabi_dadd                   
000022f7  __aeabi_ddiv                   
00002693  __aeabi_dmul                   
00002141  __aeabi_dsub                   
000033bd  __aeabi_i2d                    
00002e49  __aeabi_memclr                 
00002e49  __aeabi_memclr4                
00002e49  __aeabi_memclr8                
00002add  __aeabi_memcpy                 
00002add  __aeabi_memcpy4                
00002add  __aeabi_memcpy8                
00002e4b  __aeabi_memset                 
00002e4b  __aeabi_memset4                
00002e4b  __aeabi_memset8                
200003cc  __aeabi_stderr                 
200003c4  __aeabi_stdin                  
200003c8  __aeabi_stdout                 
00001d89  __aeabi_uldivmod               
ffffffff  __binit__                      
ffffffff  __c_args__                     
00003197  __mpu_init                     
20000000  __stack                        
00003469  _args_main                     
00003199  _c_int00                       
00003524  _ctypes_                       
20000200  _ftable                        
200003e8  _lock                          
000034bf  _nop                           
000034b7  _register_lock                 
000034b1  _register_unlock               
200005c8  _sys_memory                    
000034af  _system_post_cinit             
00003521  _system_pre_init               
200003ec  _unlock                        
000031f1  abort                          
00001cdd  add_device                     
00003241  atoi                           
ffffffff  binit                          
00001725  calloc                         
00001c8d  close                          
0000328d  copy_in                        
000034c5  copysign                       
000034c5  copysignl                      
200003f0  errno                          
000031f9  exit                           
00002bdf  fclose                         
000029b5  fflush                         
0000209b  fopen                          
00002c11  fputc                          
0000242d  fputs                          
00001473  free                           
00002071  freopen                        
000030dd  frexp                          
000030dd  frexpl                         
00003079  fseek                          
00000000  g_pfnVectors                   
00002791  ldexp                          
00002791  ldexpl                         
00001c69  lseek                          
00003141  ltoa                           
00002ca9  main                           
200003f8  main_func_sp                   
0000140b  malloc                         
00001641  memalign                       
00003435  memccpy                        
00003415  memchr                         
00002add  memcpy                         
00002e51  memset                         
0000137d  minit                          
00001bbb  open                           
00002f3d  printf                         
00002c11  putc                           
00002c95  putchar                        
00002539  puts                           
00001b97  read                           
00001535  realloc                        
00001b0d  remove                         
00001b6f  remove_device                  
00001b31  rename                         
00002791  scalbn                         
00002791  scalbnl                        
0000288d  setvbuf                        
00003499  strchr                         
00003481  strcmp                         
000034d9  strcpy                         
000034ed  strlen                         
0000338d  strncpy                        
00001b0d  unlink                         
00001a7d  write                          


GLOBAL SYMBOLS: SORTED BY Symbol Address 

address   name                           
-------   ----                           
00000000  __TI_static_base__             
00000000  g_pfnVectors                   
00000008  __SYSMEM_SIZE                  
00000200  __STACK_SIZE                   
00001077  __TI_printfi                   
0000137d  minit                          
0000140b  malloc                         
00001473  free                           
00001535  realloc                        
00001641  memalign                       
00001725  calloc                         
00001759  HOSTwrite                      
000017a5  HOSTunlink                     
000017dd  HOSTtime64                     
00001827  HOSTtime                       
00001861  HOSTrename                     
000018bf  HOSTread                       
0000190b  HOSTopen                       
0000195d  HOSTlseek                      
000019b9  HOSTgetenv                     
000019f7  HOSTclose                      
00001a2f  HOSTclock                      
00001a7d  write                          
00001b0d  remove                         
00001b0d  unlink                         
00001b31  rename                         
00001b6f  remove_device                  
00001b97  read                           
00001bbb  open                           
00001c69  lseek                          
00001c8d  close                          
00001cdd  add_device                     
00001d89  __aeabi_uldivmod               
00002045  __TI_cleanup                   
00002071  freopen                        
0000209b  fopen                          
00002141  __aeabi_dsub                   
0000214b  __aeabi_dadd                   
000022f7  __aeabi_ddiv                   
0000242d  fputs                          
00002539  puts                           
00002561  GPIOPadConfigSet               
00002693  __aeabi_dmul                   
00002791  ldexp                          
00002791  ldexpl                         
00002791  scalbn                         
00002791  scalbnl                        
0000288d  setvbuf                        
00002969  __TI_doflush                   
000029b5  fflush                         
00002a31  __TI_wrt_ok                    
00002a93  __TI_rd_ok                     
00002add  __aeabi_memcpy                 
00002add  __aeabi_memcpy4                
00002add  __aeabi_memcpy8                
00002add  memcpy                         
00002b79  __TI_closefile                 
00002bdf  fclose                         
00002c11  fputc                          
00002c11  putc                           
00002c95  putchar                        
00002ca9  main                           
00002d3d  __aeabi_cdcmpeq                
00002d3d  __aeabi_cdcmple                
00002dc3  __aeabi_cdrcmple               
00002e49  __aeabi_memclr                 
00002e49  __aeabi_memclr4                
00002e49  __aeabi_memclr8                
00002e4b  __aeabi_memset                 
00002e4b  __aeabi_memset4                
00002e4b  __aeabi_memset8                
00002e51  memset                         
00002ec5  __TI_auto_init                 
00002f3d  printf                         
00003011  __TI_writemsg                  
0000303f  C$$IO$$                        
00003043  __TI_readmsg                   
00003079  fseek                          
000030dd  frexp                          
000030dd  frexpl                         
00003141  ltoa                           
00003197  __mpu_init                     
00003199  _c_int00                       
000031ed  C$$EXIT                        
000031f1  abort                          
000031f9  exit                           
00003241  atoi                           
0000328d  copy_in                        
000032d9  __aeabi_d2iz                   
00003321  SysCtlPeripheralReady          
00003359  SysCtlPeripheralEnable         
0000338d  strncpy                        
000033bd  __aeabi_i2d                    
000033eb  GPIODirModeSet                 
00003415  memchr                         
00003435  memccpy                        
00003451  GPIOPinTypeGPIOOutput          
00003469  _args_main                     
00003481  strcmp                         
00003499  strchr                         
000034af  _system_post_cinit             
000034b1  _register_unlock               
000034b7  _register_lock                 
000034bf  _nop                           
000034c5  copysign                       
000034c5  copysignl                      
000034d9  strcpy                         
000034ed  strlen                         
00003501  __TI_decompress_none           
0000350f  GPIOPinWrite                   
00003515  ResetISR                       
0000351b  __TI_decompress_rle24          
00003521  _system_pre_init               
00003524  _ctypes_                       
000036b4  __TI_Handler_Table_Base        
000036bc  __TI_CINIT_Base                
000036bc  __TI_Handler_Table_Limit       
000036cc  __TI_CINIT_Limit               
20000000  __stack                        
20000200  __STACK_END                    
20000200  __STACK_TOP                    
20000200  _ftable                        
200003c0  __TI_ft_end                    
200003c4  __aeabi_stdin                  
200003c8  __aeabi_stdout                 
200003cc  __aeabi_stderr                 
200003d0  __TI_cleanup_ptr               
200003d4  __TI_dtors_ptr                 
200003d8  __TI_enable_exit_profile_output
200003e8  _lock                          
200003ec  _unlock                        
200003f0  errno                          
200003f8  main_func_sp                   
200003fc  __CIOBUF_                      
2000051c  __TI_tmpnams                   
200005c8  _sys_memory                    
ffffffff  __TI_pprof_out_hndl            
ffffffff  __TI_prof_data_size            
ffffffff  __TI_prof_data_start           
ffffffff  __binit__                      
ffffffff  __c_args__                     
ffffffff  binit                          
UNDEFED   SHT$$INIT_ARRAY$$Base          
UNDEFED   SHT$$INIT_ARRAY$$Limit         

[144 symbols]
