******************************************************************************
                  TI ARM Linker PC v15.12.5                    
******************************************************************************
>> Linked Wed Jul 19 11:45:15 2017

OUTPUT FILE NAME:   <8V97003 Synth API.out>
ENTRY POINT SYMBOL: "_c_int00"  address: 00001879


MEMORY CONFIGURATION

         name            origin    length      used     unused   attr    fill
----------------------  --------  ---------  --------  --------  ----  --------
  FLASH                 00000000   00040000  00001d98  0003e268  R  X
  SRAM                  20000000   00008000  0000021f  00007de1  RW X


SEGMENT ALLOCATION MAP

run origin  load origin   length   init length attrs members
----------  ----------- ---------- ----------- ----- -------
00000000    00000000    00001d9c   00001d9c    r-x
  00000000    00000000    0000026c   0000026c    r-- .intvecs
  0000026c    0000026c    000019ec   000019ec    r-x .text
  00001c58    00001c58    000000fc   000000fc    r-- .const
  00001d58    00001d58    00000044   00000044    r-- .cinit
20000000    20000000    00000220   00000000    rw-
  20000000    20000000    00000200   00000000    rw- .stack
  20000200    20000200    0000001b   00000000    rw- .data
  2000021c    2000021c    00000004   00000000    rw- .bss


SECTION ALLOCATION MAP

 output                                  attributes/
section   page    origin      length       input sections
--------  ----  ----------  ----------   ----------------
.intvecs   0    00000000    0000026c     
                  00000000    0000026c     tm4c123gh6pm_startup_ccs.obj (.intvecs)

.text      0    0000026c    000019ec     
                  0000026c    00000fe4     main.obj (.text)
                  00001250    00000132     driverlib.lib : gpio.obj (.text:GPIOPadConfigSet)
                  00001382    00000002     rtsv7M4_T_le_v4SPD16_eabi.lib : mpu_init.obj (.text)
                  00001384    00000110     driverlib.lib : sysctl.obj (.text:SysCtlClockGet)
                  00001494    000000fc     rtsv7M4_T_le_v4SPD16_eabi.lib : fd_mul_t2.obj (.text)
                  00001590    000000f4     driverlib.lib : sysctl.obj (.text:SysCtlClockSet)
                  00001684    0000009c     rtsv7M4_T_le_v4SPD16_eabi.lib : memcpy_t2.obj (.text)
                  00001720    0000007a                                   : memset_t2.obj (.text)
                  0000179a    00000002                                   : startup.obj (.text)
                  0000179c    00000070                                   : autoinit.obj (.text)
                  0000180c    0000006a                                   : copy_decompress_rle.obj (.text)
                  00001876    00000002     --HOLE-- [fill = 0]
                  00001878    00000054                                   : boot.obj (.text)
                  000018cc    00000054                                   : exit.obj (.text)
                  00001920    0000004c                                   : cpy_tbl.obj (.text)
                  0000196c    00000048     driverlib.lib : gpio.obj (.text:GPIOPinConfigure)
                  000019b4    00000048     rtsv7M4_T_le_v4SPD16_eabi.lib : fd_toi_t2.obj (.text)
                  000019fc    00000046     driverlib.lib : uart.obj (.text:UARTConfigSetExpClk)
                  00001a42    0000003c                   : ssi.obj (.text:SSIConfigSetExpClk)
                  00001a7e    00000002     --HOLE-- [fill = 0]
                  00001a80    00000034                   : sysctl.obj (.text:SysCtlPeripheralEnable)
                  00001ab4    0000002e     rtsv7M4_T_le_v4SPD16_eabi.lib : i_tofd_t2.obj (.text)
                  00001ae2    0000002a     driverlib.lib : gpio.obj (.text:GPIODirModeSet)
                  00001b0c    00000026     rtsv7M4_T_le_v4SPD16_eabi.lib : strncmp.obj (.text)
                  00001b32    00000002     --HOLE-- [fill = 0]
                  00001b34    00000020     driverlib.lib : uart.obj (.text:UARTDisable)
                  00001b54    00000018                   : gpio.obj (.text:GPIOPinTypeGPIOOutput)
                  00001b6c    00000018     rtsv7M4_T_le_v4SPD16_eabi.lib : args_main.obj (.text)
                  00001b84    00000014     driverlib.lib : uart.obj (.text:UARTEnable)
                  00001b98    00000014     rtsv7M4_T_le_v4SPD16_eabi.lib : _lock.obj (.text)
                  00001bac    00000012     driverlib.lib : gpio.obj (.text:GPIOPinTypeSSI)
                  00001bbe    00000012                   : gpio.obj (.text:GPIOPinTypeUART)
                  00001bd0    00000012                   : ssi.obj (.text:SSIDataGetNonBlocking)
                  00001be2    0000000e     rtsv7M4_T_le_v4SPD16_eabi.lib : copy_decompress_none.obj (.text:decompress:none)
                  00001bf0    0000000c     driverlib.lib : ssi.obj (.text:SSIDataGet)
                  00001bfc    0000000c     tm4c123gh6pm_startup_ccs.obj (.text)
                  00001c08    0000000a     driverlib.lib : ssi.obj (.text:SSIDataPut)
                  00001c12    0000000a                   : ssi.obj (.text:SSIDisable)
                  00001c1c    0000000a                   : ssi.obj (.text:SSIEnable)
                  00001c26    0000000a                   : uart.obj (.text:UARTCharGet)
                  00001c30    0000000a                   : uart.obj (.text:UARTCharPut)
                  00001c3a    00000008                   : ssi.obj (.text:SSIBusy)
                  00001c42    00000006                   : gpio.obj (.text:GPIOPinWrite)
                  00001c48    00000006                   : sysctl.obj (.text:SysCtlDelay)
                  00001c4e    00000006     rtsv7M4_T_le_v4SPD16_eabi.lib : copy_decompress_rle.obj (.text:decompress:rle24)
                  00001c54    00000004                                   : pre_init.obj (.text)

.const     0    00001c58    000000fc     
                  00001c58    00000090     driverlib.lib : gpio.obj (.const:g_pui32GPIOBaseAddrs)
                  00001ce8    0000006c                   : sysctl.obj (.const:g_pui32Xtals)

.cinit     0    00001d58    00000044     
                  00001d58    00000019     (.cinit..data.load) [load image, compression = rle]
                  00001d71    00000007     --HOLE-- [fill = 0]
                  00001d78    00000009     (.cinit..bss.load) [load image, compression = rle]
                  00001d81    00000003     --HOLE-- [fill = 0]
                  00001d84    00000008     (__TI_handler_table)
                  00001d8c    00000010     (__TI_cinit_table)

.init_array 
*          0    00000000    00000000     UNINITIALIZED

.stack     0    20000000    00000200     UNINITIALIZED
                  20000000    00000200     --HOLE--

.data      0    20000200    0000001b     UNINITIALIZED
                  20000200    0000000c     rtsv7M4_T_le_v4SPD16_eabi.lib : exit.obj (.data:$O1$$)
                  2000020c    00000008                                   : _lock.obj (.data:$O1$$)
                  20000214    00000004                                   : stkdepth_vars.obj (.data)
                  20000218    00000003     main.obj (.data:newline)

.bss       0    2000021c    00000004     UNINITIALIZED
                  2000021c    00000004     (.common:cs_config)

MODULE SUMMARY

       Module                         code   ro data   rw data
       ------                         ----   -------   -------
    .\
       main.obj                       4068   0         7      
       tm4c123gh6pm_startup_ccs.obj   12     620       0      
    +--+------------------------------+------+---------+---------+
       Total:                         4080   620       7      
                                                              
    C:/ti/TivaWare_C_Series-2.1.4.178/driverlib/ccs/Debug/driverlib.lib
       sysctl.obj                     574    108       0      
       gpio.obj                       486    144       0      
       uart.obj                       142    0         0      
       ssi.obj                        128    0         0      
    +--+------------------------------+------+---------+---------+
       Total:                         1330   252       0      
                                                              
    C:\ti\ccsv6\tools\compiler\ti-cgt-arm_15.12.5.LTS\lib\rtsv7M4_T_le_v4SPD16_eabi.lib
       fd_mul_t2.obj                  252    0         0      
       memcpy_t2.obj                  156    0         0      
       memset_t2.obj                  122    0         0      
       autoinit.obj                   112    0         0      
       copy_decompress_rle.obj        112    0         0      
       exit.obj                       84     0         12     
       boot.obj                       84     0         0      
       cpy_tbl.obj                    76     0         0      
       fd_toi_t2.obj                  72     0         0      
       i_tofd_t2.obj                  46     0         0      
       strncmp.obj                    38     0         0      
       _lock.obj                      20     0         8      
       args_main.obj                  24     0         0      
       copy_decompress_none.obj       14     0         0      
       pre_init.obj                   4      0         0      
       stkdepth_vars.obj              0      0         4      
       mpu_init.obj                   2      0         0      
       startup.obj                    2      0         0      
    +--+------------------------------+------+---------+---------+
       Total:                         1220   0         24     
                                                              
       Stack:                         0      0         512    
       Linker Generated:              0      58        0      
    +--+------------------------------+------+---------+---------+
       Grand Total:                   6630   930       543    


LINKER GENERATED COPY TABLES

__TI_cinit_table @ 00001d8c records: 2, size/record: 8, table size: 16
	.data: load addr=00001d58, load size=00000019 bytes, run addr=20000200, run size=0000001b bytes, compression=rle
	.bss: load addr=00001d78, load size=00000009 bytes, run addr=2000021c, run size=00000004 bytes, compression=rle


LINKER GENERATED HANDLER TABLE

__TI_handler_table @ 00001d84 records: 2, size/record: 4, table size: 8
	index: 0, handler: __TI_decompress_rle24
	index: 1, handler: __TI_decompress_none


GLOBAL SYMBOLS: SORTED ALPHABETICALLY BY Name 

address   name                           
-------   ----                           
000018cd  C$$EXIT                        
00000d1d  CalibrationControl             
000005e9  ConvertStringToNumber          
000003b3  Create24BitWord                
00001ae3  GPIODirModeSet                 
00001251  GPIOPadConfigSet               
0000196d  GPIOPinConfigure               
00001b55  GPIOPinTypeGPIOOutput          
00001bad  GPIOPinTypeSSI                 
00001bbf  GPIOPinTypeUART                
00001c43  GPIOPinWrite                   
00000467  GetRegisterValue               
000006d3  InitConsole                    
00000865  InitPrefaceRegister            
00000db1  ReadFromStatusRegisters        
00001bfd  ResetISR                       
UNDEFED   SHT$$INIT_ARRAY$$Base          
UNDEFED   SHT$$INIT_ARRAY$$Limit         
00001c3b  SSIBusy                        
00001a43  SSIConfigSetExpClk             
00001bf1  SSIDataGet                     
00001bd1  SSIDataGetNonBlocking          
00001c09  SSIDataPut                     
00001c13  SSIDisable                     
00001c1d  SSIEnable                      
0000096d  SetBandSelectClockDivider      
00000d99  SetCalibrationVoltage          
00000877  SetFeedbackControlValues       
00000cb9  SetPhaseAdjustment             
00000ae3  SetupChargePump                
000009f5  SetupInputControlRegisters     
00000c55  SetupLockDetect                
00000b49  SetupOutputControl             
00000317  SplitNumber_16Bit              
00000359  SplitNumber_32Bit              
00001385  SysCtlClockGet                 
00001591  SysCtlClockSet                 
00001c49  SysCtlDelay                    
00001a81  SysCtlPeripheralEnable         
00001c27  UARTCharGet                    
00001c31  UARTCharPut                    
000019fd  UARTConfigSetExpClk            
00001b35  UARTDisable                    
00001b85  UARTEnable                     
20000200  __STACK_END                    
00000200  __STACK_SIZE                   
20000200  __STACK_TOP                    
00001d8c  __TI_CINIT_Base                
00001d9c  __TI_CINIT_Limit               
00001d84  __TI_Handler_Table_Base        
00001d8c  __TI_Handler_Table_Limit       
0000179d  __TI_auto_init                 
20000200  __TI_cleanup_ptr               
00001be3  __TI_decompress_none           
00001c4f  __TI_decompress_rle24          
20000204  __TI_dtors_ptr                 
20000208  __TI_enable_exit_profile_output
ffffffff  __TI_pprof_out_hndl            
ffffffff  __TI_prof_data_size            
ffffffff  __TI_prof_data_start           
00000000  __TI_static_base__             
000019b5  __aeabi_d2iz                   
00001495  __aeabi_dmul                   
00001ab5  __aeabi_i2d                    
00001721  __aeabi_memclr                 
00001721  __aeabi_memclr4                
00001721  __aeabi_memclr8                
00001685  __aeabi_memcpy                 
00001685  __aeabi_memcpy4                
00001685  __aeabi_memcpy8                
00001723  __aeabi_memset                 
00001723  __aeabi_memset4                
00001723  __aeabi_memset8                
ffffffff  __binit__                      
ffffffff  __c_args__                     
00001383  __mpu_init                     
20000000  __stack                        
00001b6d  _args_main                     
00001879  _c_int00                       
2000020c  _lock                          
00001ba7  _nop                           
00001b9f  _register_lock                 
00001b99  _register_unlock               
0000179b  _system_post_cinit             
00001c55  _system_pre_init               
20000210  _unlock                        
000018d1  abort                          
ffffffff  binit                          
00000551  clearArray                     
00000fb5  controlDSM                     
00001921  copy_in                        
2000021c  cs_config                      
000018d9  exit                           
00000000  g_pfnVectors                   
0000058d  getString                      
0000026d  main                           
20000214  main_func_sp                   
00001685  memcpy                         
00001729  memset                         
20000218  newline                        
00000719  printInt                       
000007b1  printSingleNumber              
000005c1  printString                    
00000491  readWord_24Bit                 
000003c9  sendWord_24Bit                 
00000f9d  setVcoResolution               
00000279  setupChipSelect                
0000026f  setupClock                     
000002b9  setupSPI_8Bit                  
00001b0d  strncmp                        


GLOBAL SYMBOLS: SORTED BY Symbol Address 

address   name                           
-------   ----                           
00000000  __TI_static_base__             
00000000  g_pfnVectors                   
00000200  __STACK_SIZE                   
0000026d  main                           
0000026f  setupClock                     
00000279  setupChipSelect                
000002b9  setupSPI_8Bit                  
00000317  SplitNumber_16Bit              
00000359  SplitNumber_32Bit              
000003b3  Create24BitWord                
000003c9  sendWord_24Bit                 
00000467  GetRegisterValue               
00000491  readWord_24Bit                 
00000551  clearArray                     
0000058d  getString                      
000005c1  printString                    
000005e9  ConvertStringToNumber          
000006d3  InitConsole                    
00000719  printInt                       
000007b1  printSingleNumber              
00000865  InitPrefaceRegister            
00000877  SetFeedbackControlValues       
0000096d  SetBandSelectClockDivider      
000009f5  SetupInputControlRegisters     
00000ae3  SetupChargePump                
00000b49  SetupOutputControl             
00000c55  SetupLockDetect                
00000cb9  SetPhaseAdjustment             
00000d1d  CalibrationControl             
00000d99  SetCalibrationVoltage          
00000db1  ReadFromStatusRegisters        
00000f9d  setVcoResolution               
00000fb5  controlDSM                     
00001251  GPIOPadConfigSet               
00001383  __mpu_init                     
00001385  SysCtlClockGet                 
00001495  __aeabi_dmul                   
00001591  SysCtlClockSet                 
00001685  __aeabi_memcpy                 
00001685  __aeabi_memcpy4                
00001685  __aeabi_memcpy8                
00001685  memcpy                         
00001721  __aeabi_memclr                 
00001721  __aeabi_memclr4                
00001721  __aeabi_memclr8                
00001723  __aeabi_memset                 
00001723  __aeabi_memset4                
00001723  __aeabi_memset8                
00001729  memset                         
0000179b  _system_post_cinit             
0000179d  __TI_auto_init                 
00001879  _c_int00                       
000018cd  C$$EXIT                        
000018d1  abort                          
000018d9  exit                           
00001921  copy_in                        
0000196d  GPIOPinConfigure               
000019b5  __aeabi_d2iz                   
000019fd  UARTConfigSetExpClk            
00001a43  SSIConfigSetExpClk             
00001a81  SysCtlPeripheralEnable         
00001ab5  __aeabi_i2d                    
00001ae3  GPIODirModeSet                 
00001b0d  strncmp                        
00001b35  UARTDisable                    
00001b55  GPIOPinTypeGPIOOutput          
00001b6d  _args_main                     
00001b85  UARTEnable                     
00001b99  _register_unlock               
00001b9f  _register_lock                 
00001ba7  _nop                           
00001bad  GPIOPinTypeSSI                 
00001bbf  GPIOPinTypeUART                
00001bd1  SSIDataGetNonBlocking          
00001be3  __TI_decompress_none           
00001bf1  SSIDataGet                     
00001bfd  ResetISR                       
00001c09  SSIDataPut                     
00001c13  SSIDisable                     
00001c1d  SSIEnable                      
00001c27  UARTCharGet                    
00001c31  UARTCharPut                    
00001c3b  SSIBusy                        
00001c43  GPIOPinWrite                   
00001c49  SysCtlDelay                    
00001c4f  __TI_decompress_rle24          
00001c55  _system_pre_init               
00001d84  __TI_Handler_Table_Base        
00001d8c  __TI_CINIT_Base                
00001d8c  __TI_Handler_Table_Limit       
00001d9c  __TI_CINIT_Limit               
20000000  __stack                        
20000200  __STACK_END                    
20000200  __STACK_TOP                    
20000200  __TI_cleanup_ptr               
20000204  __TI_dtors_ptr                 
20000208  __TI_enable_exit_profile_output
2000020c  _lock                          
20000210  _unlock                        
20000214  main_func_sp                   
20000218  newline                        
2000021c  cs_config                      
ffffffff  __TI_pprof_out_hndl            
ffffffff  __TI_prof_data_size            
ffffffff  __TI_prof_data_start           
ffffffff  __binit__                      
ffffffff  __c_args__                     
ffffffff  binit                          
UNDEFED   SHT$$INIT_ARRAY$$Base          
UNDEFED   SHT$$INIT_ARRAY$$Limit         

[110 symbols]
