******************************************************************************
                  TI ARM Linker PC v15.12.5                    
******************************************************************************
>> Linked Tue Jul 11 15:23:56 2017

OUTPUT FILE NAME:   <8V97003 Synth API.out>
ENTRY POINT SYMBOL: "_c_int00"  address: 00000d49


MEMORY CONFIGURATION

         name            origin    length      used     unused   attr    fill
----------------------  --------  ---------  --------  --------  ----  --------
  FLASH                 00000000   00040000  00001104  0003eefc  R  X
  SRAM                  20000000   00008000  0000021c  00007de4  RW X


SEGMENT ALLOCATION MAP

run origin  load origin   length   init length attrs members
----------  ----------- ---------- ----------- ----- -------
00000000    00000000    00001104   00001104    r-x
  00000000    00000000    0000026c   0000026c    r-- .intvecs
  0000026c    0000026c    00000d60   00000d60    r-x .text
  00000fcc    00000fcc    000000fc   000000fc    r-- .const
  000010c8    000010c8    0000003c   0000003c    r-- .cinit
20000000    20000000    0000021c   00000000    rw-
  20000000    20000000    00000200   00000000    rw- .stack
  20000200    20000200    00000018   00000000    rw- .data
  20000218    20000218    00000004   00000000    rw- .bss


SECTION ALLOCATION MAP

 output                                  attributes/
section   page    origin      length       input sections
--------  ----  ----------  ----------   ----------------
.intvecs   0    00000000    0000026c     
                  00000000    0000026c     tm4c123gh6pm_startup_ccs.obj (.intvecs)

.text      0    0000026c    00000d60     
                  0000026c    000005b0     main.obj (.text)
                  0000081c    00000132     driverlib.lib : gpio.obj (.text:GPIOPadConfigSet)
                  0000094e    00000002     rtsv7M4_T_le_v4SPD16_eabi.lib : mpu_init.obj (.text)
                  00000950    00000110     driverlib.lib : sysctl.obj (.text:SysCtlClockGet)
                  00000a60    000000f4                   : sysctl.obj (.text:SysCtlClockSet)
                  00000b54    0000009c     rtsv7M4_T_le_v4SPD16_eabi.lib : memcpy_t2.obj (.text)
                  00000bf0    0000007a                                   : memset_t2.obj (.text)
                  00000c6a    00000002                                   : startup.obj (.text)
                  00000c6c    00000070                                   : autoinit.obj (.text)
                  00000cdc    0000006a                                   : copy_decompress_rle.obj (.text)
                  00000d46    00000002     --HOLE-- [fill = 0]
                  00000d48    00000054                                   : boot.obj (.text)
                  00000d9c    00000054                                   : exit.obj (.text)
                  00000df0    0000004c                                   : cpy_tbl.obj (.text)
                  00000e3c    00000048     driverlib.lib : gpio.obj (.text:GPIOPinConfigure)
                  00000e84    0000003c                   : ssi.obj (.text:SSIConfigSetExpClk)
                  00000ec0    00000034                   : sysctl.obj (.text:SysCtlPeripheralEnable)
                  00000ef4    0000002a                   : gpio.obj (.text:GPIODirModeSet)
                  00000f1e    00000018                   : gpio.obj (.text:GPIOPinTypeGPIOOutput)
                  00000f36    00000002     --HOLE-- [fill = 0]
                  00000f38    00000018     rtsv7M4_T_le_v4SPD16_eabi.lib : args_main.obj (.text)
                  00000f50    00000014                                   : _lock.obj (.text)
                  00000f64    00000012     driverlib.lib : gpio.obj (.text:GPIOPinTypeSSI)
                  00000f76    0000000e     rtsv7M4_T_le_v4SPD16_eabi.lib : copy_decompress_none.obj (.text:decompress:none)
                  00000f84    0000000c     tm4c123gh6pm_startup_ccs.obj (.text)
                  00000f90    0000000a     driverlib.lib : ssi.obj (.text:SSIDataPut)
                  00000f9a    0000000a                   : ssi.obj (.text:SSIDisable)
                  00000fa4    0000000a                   : ssi.obj (.text:SSIEnable)
                  00000fae    00000008                   : ssi.obj (.text:SSIBusy)
                  00000fb6    00000006                   : gpio.obj (.text:GPIOPinWrite)
                  00000fbc    00000006                   : sysctl.obj (.text:SysCtlDelay)
                  00000fc2    00000006     rtsv7M4_T_le_v4SPD16_eabi.lib : copy_decompress_rle.obj (.text:decompress:rle24)
                  00000fc8    00000004                                   : pre_init.obj (.text)

.const     0    00000fcc    000000fc     
                  00000fcc    00000090     driverlib.lib : gpio.obj (.const:g_pui32GPIOBaseAddrs)
                  0000105c    0000006c                   : sysctl.obj (.const:g_pui32Xtals)

.cinit     0    000010c8    0000003c     
                  000010c8    00000016     (.cinit..data.load) [load image, compression = rle]
                  000010de    00000002     --HOLE-- [fill = 0]
                  000010e0    00000009     (.cinit..bss.load) [load image, compression = rle]
                  000010e9    00000003     --HOLE-- [fill = 0]
                  000010ec    00000008     (__TI_handler_table)
                  000010f4    00000010     (__TI_cinit_table)

.init_array 
*          0    00000000    00000000     UNINITIALIZED

.stack     0    20000000    00000200     UNINITIALIZED
                  20000000    00000200     --HOLE--

.data      0    20000200    00000018     UNINITIALIZED
                  20000200    0000000c     rtsv7M4_T_le_v4SPD16_eabi.lib : exit.obj (.data:$O1$$)
                  2000020c    00000008                                   : _lock.obj (.data:$O1$$)
                  20000214    00000004                                   : stkdepth_vars.obj (.data)

.bss       0    20000218    00000004     UNINITIALIZED
                  20000218    00000004     (.common:cs_config)

MODULE SUMMARY

       Module                         code   ro data   rw data
       ------                         ----   -------   -------
    .\
       main.obj                       1456   0         4      
       tm4c123gh6pm_startup_ccs.obj   12     620       0      
    +--+------------------------------+------+---------+---------+
       Total:                         1468   620       4      
                                                              
    C:/ti/TivaWare_C_Series-2.1.4.178/driverlib/ccs/Debug/driverlib.lib
       sysctl.obj                     574    108       0      
       gpio.obj                       468    144       0      
       ssi.obj                        98     0         0      
    +--+------------------------------+------+---------+---------+
       Total:                         1140   252       0      
                                                              
    C:\ti\ccsv6\tools\compiler\ti-cgt-arm_15.12.5.LTS\lib\rtsv7M4_T_le_v4SPD16_eabi.lib
       memcpy_t2.obj                  156    0         0      
       memset_t2.obj                  122    0         0      
       autoinit.obj                   112    0         0      
       copy_decompress_rle.obj        112    0         0      
       exit.obj                       84     0         12     
       boot.obj                       84     0         0      
       cpy_tbl.obj                    76     0         0      
       _lock.obj                      20     0         8      
       args_main.obj                  24     0         0      
       copy_decompress_none.obj       14     0         0      
       pre_init.obj                   4      0         0      
       stkdepth_vars.obj              0      0         4      
       mpu_init.obj                   2      0         0      
       startup.obj                    2      0         0      
    +--+------------------------------+------+---------+---------+
       Total:                         812    0         24     
                                                              
       Stack:                         0      0         512    
       Linker Generated:              0      55        0      
    +--+------------------------------+------+---------+---------+
       Grand Total:                   3420   927       540    


LINKER GENERATED COPY TABLES

__TI_cinit_table @ 000010f4 records: 2, size/record: 8, table size: 16
	.data: load addr=000010c8, load size=00000016 bytes, run addr=20000200, run size=00000018 bytes, compression=rle
	.bss: load addr=000010e0, load size=00000009 bytes, run addr=20000218, run size=00000004 bytes, compression=rle


LINKER GENERATED HANDLER TABLE

__TI_handler_table @ 000010ec records: 2, size/record: 4, table size: 8
	index: 0, handler: __TI_decompress_rle24
	index: 1, handler: __TI_decompress_none


GLOBAL SYMBOLS: SORTED ALPHABETICALLY BY Name 

address   name                           
-------   ----                           
00000d9d  C$$EXIT                        
00000807  CalibrationControl             
000003b3  Create24BitWord                
00000ef5  GPIODirModeSet                 
0000081d  GPIOPadConfigSet               
00000e3d  GPIOPinConfigure               
00000f1f  GPIOPinTypeGPIOOutput          
00000f65  GPIOPinTypeSSI                 
00000fb7  GPIOPinWrite                   
00000467  InitPrefaceRegister            
00000f85  ResetISR                       
UNDEFED   SHT$$INIT_ARRAY$$Base          
UNDEFED   SHT$$INIT_ARRAY$$Limit         
00000faf  SSIBusy                        
00000e85  SSIConfigSetExpClk             
00000f91  SSIDataPut                     
00000f9b  SSIDisable                     
00000fa5  SSIEnable                      
00000585  SetBandSelectClockDivider      
00000485  SetFeedbackControlValues       
000007a3  SetPhaseAdjustment             
000005cd  SetupChargePump                
0000073f  SetupLockDetect                
00000633  SetupOutputControl             
00000317  SplitNumber_16Bit              
00000359  SplitNumber_32Bit              
00000951  SysCtlClockGet                 
00000a61  SysCtlClockSet                 
00000fbd  SysCtlDelay                    
00000ec1  SysCtlPeripheralEnable         
20000200  __STACK_END                    
00000200  __STACK_SIZE                   
20000200  __STACK_TOP                    
000010f4  __TI_CINIT_Base                
00001104  __TI_CINIT_Limit               
000010ec  __TI_Handler_Table_Base        
000010f4  __TI_Handler_Table_Limit       
00000c6d  __TI_auto_init                 
20000200  __TI_cleanup_ptr               
00000f77  __TI_decompress_none           
00000fc3  __TI_decompress_rle24          
20000204  __TI_dtors_ptr                 
20000208  __TI_enable_exit_profile_output
ffffffff  __TI_pprof_out_hndl            
ffffffff  __TI_prof_data_size            
ffffffff  __TI_prof_data_start           
00000000  __TI_static_base__             
00000bf1  __aeabi_memclr                 
00000bf1  __aeabi_memclr4                
00000bf1  __aeabi_memclr8                
00000b55  __aeabi_memcpy                 
00000b55  __aeabi_memcpy4                
00000b55  __aeabi_memcpy8                
00000bf3  __aeabi_memset                 
00000bf3  __aeabi_memset4                
00000bf3  __aeabi_memset8                
ffffffff  __binit__                      
ffffffff  __c_args__                     
0000094f  __mpu_init                     
20000000  __stack                        
00000f39  _args_main                     
00000d49  _c_int00                       
2000020c  _lock                          
00000f5f  _nop                           
00000f57  _register_lock                 
00000f51  _register_unlock               
00000c6b  _system_post_cinit             
00000fc9  _system_pre_init               
20000210  _unlock                        
00000da1  abort                          
ffffffff  binit                          
00000df1  copy_in                        
20000218  cs_config                      
00000da9  exit                           
00000000  g_pfnVectors                   
0000026d  main                           
20000214  main_func_sp                   
00000b55  memcpy                         
00000bf9  memset                         
000003c9  sendWord_24Bit                 
00000279  setupChipSelect                
0000026f  setupClock                     
000002b9  setupSPI_8Bit                  


GLOBAL SYMBOLS: SORTED BY Symbol Address 

address   name                           
-------   ----                           
00000000  __TI_static_base__             
00000000  g_pfnVectors                   
00000200  __STACK_SIZE                   
0000026d  main                           
0000026f  setupClock                     
00000279  setupChipSelect                
000002b9  setupSPI_8Bit                  
00000317  SplitNumber_16Bit              
00000359  SplitNumber_32Bit              
000003b3  Create24BitWord                
000003c9  sendWord_24Bit                 
00000467  InitPrefaceRegister            
00000485  SetFeedbackControlValues       
00000585  SetBandSelectClockDivider      
000005cd  SetupChargePump                
00000633  SetupOutputControl             
0000073f  SetupLockDetect                
000007a3  SetPhaseAdjustment             
00000807  CalibrationControl             
0000081d  GPIOPadConfigSet               
0000094f  __mpu_init                     
00000951  SysCtlClockGet                 
00000a61  SysCtlClockSet                 
00000b55  __aeabi_memcpy                 
00000b55  __aeabi_memcpy4                
00000b55  __aeabi_memcpy8                
00000b55  memcpy                         
00000bf1  __aeabi_memclr                 
00000bf1  __aeabi_memclr4                
00000bf1  __aeabi_memclr8                
00000bf3  __aeabi_memset                 
00000bf3  __aeabi_memset4                
00000bf3  __aeabi_memset8                
00000bf9  memset                         
00000c6b  _system_post_cinit             
00000c6d  __TI_auto_init                 
00000d49  _c_int00                       
00000d9d  C$$EXIT                        
00000da1  abort                          
00000da9  exit                           
00000df1  copy_in                        
00000e3d  GPIOPinConfigure               
00000e85  SSIConfigSetExpClk             
00000ec1  SysCtlPeripheralEnable         
00000ef5  GPIODirModeSet                 
00000f1f  GPIOPinTypeGPIOOutput          
00000f39  _args_main                     
00000f51  _register_unlock               
00000f57  _register_lock                 
00000f5f  _nop                           
00000f65  GPIOPinTypeSSI                 
00000f77  __TI_decompress_none           
00000f85  ResetISR                       
00000f91  SSIDataPut                     
00000f9b  SSIDisable                     
00000fa5  SSIEnable                      
00000faf  SSIBusy                        
00000fb7  GPIOPinWrite                   
00000fbd  SysCtlDelay                    
00000fc3  __TI_decompress_rle24          
00000fc9  _system_pre_init               
000010ec  __TI_Handler_Table_Base        
000010f4  __TI_CINIT_Base                
000010f4  __TI_Handler_Table_Limit       
00001104  __TI_CINIT_Limit               
20000000  __stack                        
20000200  __STACK_END                    
20000200  __STACK_TOP                    
20000200  __TI_cleanup_ptr               
20000204  __TI_dtors_ptr                 
20000208  __TI_enable_exit_profile_output
2000020c  _lock                          
20000210  _unlock                        
20000214  main_func_sp                   
20000218  cs_config                      
ffffffff  __TI_pprof_out_hndl            
ffffffff  __TI_prof_data_size            
ffffffff  __TI_prof_data_start           
ffffffff  __binit__                      
ffffffff  __c_args__                     
ffffffff  binit                          
UNDEFED   SHT$$INIT_ARRAY$$Base          
UNDEFED   SHT$$INIT_ARRAY$$Limit         

[83 symbols]
