******************************************************************************
                  TI ARM Linker PC v15.12.5                    
******************************************************************************
>> Linked Mon Jul 03 12:50:44 2017

OUTPUT FILE NAME:   <Slave Code For TivaC SPI.out>
ENTRY POINT SYMBOL: "_c_int00"  address: 0000089d


MEMORY CONFIGURATION

         name            origin    length      used     unused   attr    fill
----------------------  --------  ---------  --------  --------  ----  --------
  FLASH                 00000000   00040000  00000c3e  0003f3c2  R  X
  SRAM                  20000000   00008000  00000218  00007de8  RW X


SEGMENT ALLOCATION MAP

run origin  load origin   length   init length attrs members
----------  ----------- ---------- ----------- ----- -------
00000000    00000000    00000c40   00000c40    r-x
  00000000    00000000    0000026c   0000026c    r-- .intvecs
  0000026c    0000026c    000008ae   000008ae    r-x .text
  00000b1c    00000b1c    000000fc   000000fc    r-- .const
  00000c18    00000c18    00000028   00000028    r-- .cinit
20000000    20000000    00000218   00000000    rw-
  20000000    20000000    00000200   00000000    rw- .stack
  20000200    20000200    00000018   00000000    rw- .data


SECTION ALLOCATION MAP

 output                                  attributes/
section   page    origin      length       input sections
--------  ----  ----------  ----------   ----------------
.intvecs   0    00000000    0000026c     
                  00000000    0000026c     tm4c123gh6pm_startup_ccs.obj (.intvecs)

.text      0    0000026c    000008ae     
                  0000026c    00000132     driverlib.lib : gpio.obj (.text:GPIOPadConfigSet)
                  0000039e    00000002     rtsv7M4_T_le_v4SPD16_eabi.lib : mpu_init.obj (.text)
                  000003a0    00000110     driverlib.lib : sysctl.obj (.text:SysCtlClockGet)
                  000004b0    00000104     main.obj (.text)
                  000005b4    000000f4     driverlib.lib : sysctl.obj (.text:SysCtlClockSet)
                  000006a8    0000009c     rtsv7M4_T_le_v4SPD16_eabi.lib : memcpy_t2.obj (.text)
                  00000744    0000007a                                   : memset_t2.obj (.text)
                  000007be    00000002                                   : startup.obj (.text)
                  000007c0    00000070                                   : autoinit.obj (.text)
                  00000830    0000006a                                   : copy_decompress_rle.obj (.text)
                  0000089a    00000002     --HOLE-- [fill = 0]
                  0000089c    00000054                                   : boot.obj (.text)
                  000008f0    00000054                                   : exit.obj (.text)
                  00000944    0000004c                                   : cpy_tbl.obj (.text)
                  00000990    00000048     driverlib.lib : gpio.obj (.text:GPIOPinConfigure)
                  000009d8    0000003c                   : ssi.obj (.text:SSIConfigSetExpClk)
                  00000a14    00000034                   : sysctl.obj (.text:SysCtlPeripheralEnable)
                  00000a48    0000002a                   : gpio.obj (.text:GPIODirModeSet)
                  00000a72    00000018                   : gpio.obj (.text:GPIOPinTypeGPIOOutput)
                  00000a8a    00000002     --HOLE-- [fill = 0]
                  00000a8c    00000018     rtsv7M4_T_le_v4SPD16_eabi.lib : args_main.obj (.text)
                  00000aa4    00000014                                   : _lock.obj (.text)
                  00000ab8    00000012     driverlib.lib : gpio.obj (.text:GPIOPinTypeSSI)
                  00000aca    0000000e     rtsv7M4_T_le_v4SPD16_eabi.lib : copy_decompress_none.obj (.text:decompress:none)
                  00000ad8    0000000c     driverlib.lib : ssi.obj (.text:SSIDataGet)
                  00000ae4    0000000c     tm4c123gh6pm_startup_ccs.obj (.text)
                  00000af0    0000000a     driverlib.lib : ssi.obj (.text:SSIDisable)
                  00000afa    0000000a                   : ssi.obj (.text:SSIEnable)
                  00000b04    00000006                   : gpio.obj (.text:GPIOPinWrite)
                  00000b0a    00000006                   : sysctl.obj (.text:SysCtlDelay)
                  00000b10    00000006     rtsv7M4_T_le_v4SPD16_eabi.lib : copy_decompress_rle.obj (.text:decompress:rle24)
                  00000b16    00000004                                   : pre_init.obj (.text)

.const     0    00000b1c    000000fc     
                  00000b1c    00000090     driverlib.lib : gpio.obj (.const:g_pui32GPIOBaseAddrs)
                  00000bac    0000006c                   : sysctl.obj (.const:g_pui32Xtals)

.cinit     0    00000c18    00000028     
                  00000c18    00000016     (.cinit..data.load) [load image, compression = rle]
                  00000c2e    00000002     --HOLE-- [fill = 0]
                  00000c30    00000008     (__TI_handler_table)
                  00000c38    00000008     (__TI_cinit_table)

.init_array 
*          0    00000000    00000000     UNINITIALIZED

.stack     0    20000000    00000200     UNINITIALIZED
                  20000000    00000200     --HOLE--

.data      0    20000200    00000018     UNINITIALIZED
                  20000200    0000000c     rtsv7M4_T_le_v4SPD16_eabi.lib : exit.obj (.data:$O1$$)
                  2000020c    00000008                                   : _lock.obj (.data:$O1$$)
                  20000214    00000004                                   : stkdepth_vars.obj (.data)

MODULE SUMMARY

       Module                         code   ro data   rw data
       ------                         ----   -------   -------
    .\
       tm4c123gh6pm_startup_ccs.obj   12     620       0      
       main.obj                       260    0         0      
    +--+------------------------------+------+---------+---------+
       Total:                         272    620       0      
                                                              
    C:/ti/TivaWare_C_Series-2.1.4.178/driverlib/ccs/Debug/driverlib.lib
       sysctl.obj                     574    108       0      
       gpio.obj                       468    144       0      
       ssi.obj                        92     0         0      
    +--+------------------------------+------+---------+---------+
       Total:                         1134   252       0      
                                                              
    C:\ti\ccsv6\tools\compiler\ti-cgt-arm_15.12.5.LTS\lib\rtsv7M4_T_le_v4SPD16_eabi.lib
       memcpy_t2.obj                  156    0         0      
       memset_t2.obj                  122    0         0      
       autoinit.obj                   112    0         0      
       copy_decompress_rle.obj        112    0         0      
       exit.obj                       84     0         12     
       boot.obj                       84     0         0      
       cpy_tbl.obj                    76     0         0      
       _lock.obj                      20     0         8      
       args_main.obj                  24     0         0      
       copy_decompress_none.obj       14     0         0      
       pre_init.obj                   4      0         0      
       stkdepth_vars.obj              0      0         4      
       mpu_init.obj                   2      0         0      
       startup.obj                    2      0         0      
    +--+------------------------------+------+---------+---------+
       Total:                         812    0         24     
                                                              
       Stack:                         0      0         512    
       Linker Generated:              0      38        0      
    +--+------------------------------+------+---------+---------+
       Grand Total:                   2218   910       536    


LINKER GENERATED COPY TABLES

__TI_cinit_table @ 00000c38 records: 1, size/record: 8, table size: 8
	.data: load addr=00000c18, load size=00000016 bytes, run addr=20000200, run size=00000018 bytes, compression=rle


LINKER GENERATED HANDLER TABLE

__TI_handler_table @ 00000c30 records: 2, size/record: 4, table size: 8
	index: 0, handler: __TI_decompress_rle24
	index: 1, handler: __TI_decompress_none


GLOBAL SYMBOLS: SORTED ALPHABETICALLY BY Name 

address   name                           
-------   ----                           
000008f1  C$$EXIT                        
00000a49  GPIODirModeSet                 
0000026d  GPIOPadConfigSet               
00000991  GPIOPinConfigure               
00000a73  GPIOPinTypeGPIOOutput          
00000ab9  GPIOPinTypeSSI                 
00000b05  GPIOPinWrite                   
00000ae5  ResetISR                       
UNDEFED   SHT$$INIT_ARRAY$$Base          
UNDEFED   SHT$$INIT_ARRAY$$Limit         
000009d9  SSIConfigSetExpClk             
00000ad9  SSIDataGet                     
00000af1  SSIDisable                     
00000afb  SSIEnable                      
000003a1  SysCtlClockGet                 
000005b5  SysCtlClockSet                 
00000b0b  SysCtlDelay                    
00000a15  SysCtlPeripheralEnable         
20000200  __STACK_END                    
00000200  __STACK_SIZE                   
20000200  __STACK_TOP                    
00000c38  __TI_CINIT_Base                
00000c40  __TI_CINIT_Limit               
00000c30  __TI_Handler_Table_Base        
00000c38  __TI_Handler_Table_Limit       
000007c1  __TI_auto_init                 
20000200  __TI_cleanup_ptr               
00000acb  __TI_decompress_none           
00000b11  __TI_decompress_rle24          
20000204  __TI_dtors_ptr                 
20000208  __TI_enable_exit_profile_output
ffffffff  __TI_pprof_out_hndl            
ffffffff  __TI_prof_data_size            
ffffffff  __TI_prof_data_start           
00000000  __TI_static_base__             
00000745  __aeabi_memclr                 
00000745  __aeabi_memclr4                
00000745  __aeabi_memclr8                
000006a9  __aeabi_memcpy                 
000006a9  __aeabi_memcpy4                
000006a9  __aeabi_memcpy8                
00000747  __aeabi_memset                 
00000747  __aeabi_memset4                
00000747  __aeabi_memset8                
ffffffff  __binit__                      
ffffffff  __c_args__                     
0000039f  __mpu_init                     
20000000  __stack                        
00000a8d  _args_main                     
0000089d  _c_int00                       
2000020c  _lock                          
00000ab3  _nop                           
00000aab  _register_lock                 
00000aa5  _register_unlock               
000007bf  _system_post_cinit             
00000b17  _system_pre_init               
20000210  _unlock                        
000008f5  abort                          
ffffffff  binit                          
00000945  copy_in                        
000008fd  exit                           
00000000  g_pfnVectors                   
000004b1  main                           
20000214  main_func_sp                   
000006a9  memcpy                         
0000074d  memset                         
0000052f  setupClock                     
00000539  setupSPI                       


GLOBAL SYMBOLS: SORTED BY Symbol Address 

address   name                           
-------   ----                           
00000000  __TI_static_base__             
00000000  g_pfnVectors                   
00000200  __STACK_SIZE                   
0000026d  GPIOPadConfigSet               
0000039f  __mpu_init                     
000003a1  SysCtlClockGet                 
000004b1  main                           
0000052f  setupClock                     
00000539  setupSPI                       
000005b5  SysCtlClockSet                 
000006a9  __aeabi_memcpy                 
000006a9  __aeabi_memcpy4                
000006a9  __aeabi_memcpy8                
000006a9  memcpy                         
00000745  __aeabi_memclr                 
00000745  __aeabi_memclr4                
00000745  __aeabi_memclr8                
00000747  __aeabi_memset                 
00000747  __aeabi_memset4                
00000747  __aeabi_memset8                
0000074d  memset                         
000007bf  _system_post_cinit             
000007c1  __TI_auto_init                 
0000089d  _c_int00                       
000008f1  C$$EXIT                        
000008f5  abort                          
000008fd  exit                           
00000945  copy_in                        
00000991  GPIOPinConfigure               
000009d9  SSIConfigSetExpClk             
00000a15  SysCtlPeripheralEnable         
00000a49  GPIODirModeSet                 
00000a73  GPIOPinTypeGPIOOutput          
00000a8d  _args_main                     
00000aa5  _register_unlock               
00000aab  _register_lock                 
00000ab3  _nop                           
00000ab9  GPIOPinTypeSSI                 
00000acb  __TI_decompress_none           
00000ad9  SSIDataGet                     
00000ae5  ResetISR                       
00000af1  SSIDisable                     
00000afb  SSIEnable                      
00000b05  GPIOPinWrite                   
00000b0b  SysCtlDelay                    
00000b11  __TI_decompress_rle24          
00000b17  _system_pre_init               
00000c30  __TI_Handler_Table_Base        
00000c38  __TI_CINIT_Base                
00000c38  __TI_Handler_Table_Limit       
00000c40  __TI_CINIT_Limit               
20000000  __stack                        
20000200  __STACK_END                    
20000200  __STACK_TOP                    
20000200  __TI_cleanup_ptr               
20000204  __TI_dtors_ptr                 
20000208  __TI_enable_exit_profile_output
2000020c  _lock                          
20000210  _unlock                        
20000214  main_func_sp                   
ffffffff  __TI_pprof_out_hndl            
ffffffff  __TI_prof_data_size            
ffffffff  __TI_prof_data_start           
ffffffff  __binit__                      
ffffffff  __c_args__                     
ffffffff  binit                          
UNDEFED   SHT$$INIT_ARRAY$$Base          
UNDEFED   SHT$$INIT_ARRAY$$Limit         

[68 symbols]
