******************************************************************************
                  TI ARM Linker PC v15.12.5                    
******************************************************************************
>> Linked Tue Aug 08 15:05:07 2017

OUTPUT FILE NAME:   <Tiva C SPI.out>
ENTRY POINT SYMBOL: "_c_int00"  address: 00003911


MEMORY CONFIGURATION

         name            origin    length      used     unused   attr    fill
----------------------  --------  ---------  --------  --------  ----  --------
  FLASH                 00000000   00040000  00003c18  0003c3e8  R  X
  SRAM                  20000000   00008000  0000082e  000077d2  RW X


SEGMENT ALLOCATION MAP

run origin  load origin   length   init length attrs members
----------  ----------- ---------- ----------- ----- -------
00000000    00000000    00003c1c   00003c1c    r-x
  00000000    00000000    0000026c   0000026c    r-- .intvecs
  0000026c    0000026c    00003968   00003968    r-x .text
  00003bd8    00003bd8    00000044   00000044    r-- .cinit
20000000    20000000    00000830   00000000    rw-
  20000000    20000000    00000800   00000000    rw- .stack
  20000800    20000800    0000001e   00000000    rw- .data
  20000820    20000820    00000010   00000000    rw- .bss


SECTION ALLOCATION MAP

 output                                  attributes/
section   page    origin      length       input sections
--------  ----  ----------  ----------   ----------------
.intvecs   0    00000000    0000026c     
                  00000000    0000026c     tm4c123gh6pm_startup_ccs.obj (.intvecs)

.text      0    0000026c    00003968     
                  0000026c    00000cd0     Synth_API_Console_Functions.obj (.text)
                  00000f3c    00000c34     main.obj (.text)
                  00001b70    00000868     Synth_API_SPI_Setup.obj (.text)
                  000023d8    00000562     Synth_API_Control_Registers.obj (.text)
                  0000293a    00000002     rtsv7M4_T_le_v4SPD16_eabi.lib : mpu_init.obj (.text)
                  0000293c    00000470     Synth_API_Status_Registers.obj (.text)
                  00002dac    000001f4     rtsv7M4_T_le_v4SPD16_eabi.lib : ull_div_t2.obj (.text)
                  00002fa0    000001b6                                   : fd_add_t2.obj (.text)
                  00003156    00000136                                   : fd_div_t2.obj (.text)
                  0000328c    000000fc                                   : fd_mul_t2.obj (.text)
                  00003388    000000f8                                   : s_floor.obj (.text)
                  00003480    000000c0                                   : s_round.obj (.text)
                  00003540    0000009c                                   : memcpy_t2.obj (.text)
                  000035dc    00000086                                   : fd_cmp_t2.obj (.text:__aeabi_cdcmple)
                  00003662    00000086                                   : fd_cmp_t2.obj (.text:__aeabi_cdrcmple)
                  000036e8    0000007a                                   : memset_t2.obj (.text)
                  00003762    00000002                                   : startup.obj (.text)
                  00003764    00000074     Synth_API_Hibernation_Setup.obj (.text)
                  000037d8    00000070     rtsv7M4_T_le_v4SPD16_eabi.lib : autoinit.obj (.text)
                  00003848    0000006a                                   : copy_decompress_rle.obj (.text)
                  000038b2    0000005c                                   : fd_toull_t2.obj (.text)
                  0000390e    00000002     --HOLE-- [fill = 0]
                  00003910    00000054                                   : boot.obj (.text)
                  00003964    00000054                                   : exit.obj (.text)
                  000039b8    0000004c                                   : cpy_tbl.obj (.text)
                  00003a04    00000048                                   : fd_toi_t2.obj (.text)
                  00003a4c    00000044                                   : fd_tou_t2.obj (.text)
                  00003a90    0000002e                                   : i_tofd_t2.obj (.text)
                  00003abe    0000002c                                   : ull_tofd_t2.obj (.text)
                  00003aea    00000026                                   : strncmp.obj (.text)
                  00003b10    00000020                                   : u_tofd_t2.obj (.text)
                  00003b30    00000018     driverlib.lib : hibernate.obj (.text:HibernateGPIORetentionEnable)
                  00003b48    00000018     rtsv7M4_T_le_v4SPD16_eabi.lib : args_main.obj (.text)
                  00003b60    00000018                                   : ll_mul_t2.obj (.text)
                  00003b78    00000014                                   : _lock.obj (.text)
                  00003b8c    00000012     Synth_API_Preface_Registers.obj (.text)
                  00003b9e    00000002     --HOLE-- [fill = 0]
                  00003ba0    00000010     driverlib.lib : hibernate.obj (.text:_HibernateWriteComplete)
                  00003bb0    0000000e     rtsv7M4_T_le_v4SPD16_eabi.lib : copy_decompress_none.obj (.text:decompress:none)
                  00003bbe    0000000c     tm4c123gh6pm_startup_ccs.obj (.text)
                  00003bca    00000006     rtsv7M4_T_le_v4SPD16_eabi.lib : copy_decompress_rle.obj (.text:decompress:rle24)
                  00003bd0    00000004                                   : pre_init.obj (.text)

.cinit     0    00003bd8    00000044     
                  00003bd8    0000001c     (.cinit..data.load) [load image, compression = rle]
                  00003bf4    00000004     --HOLE-- [fill = 0]
                  00003bf8    00000009     (.cinit..bss.load) [load image, compression = rle]
                  00003c01    00000003     --HOLE-- [fill = 0]
                  00003c04    00000008     (__TI_handler_table)
                  00003c0c    00000010     (__TI_cinit_table)

.init_array 
*          0    00000000    00000000     UNINITIALIZED

.stack     0    20000000    00000800     UNINITIALIZED
                  20000000    00000800     --HOLE--

.data      0    20000800    0000001e     UNINITIALIZED
                  20000800    0000000c     rtsv7M4_T_le_v4SPD16_eabi.lib : exit.obj (.data:$O1$$)
                  2000080c    00000008                                   : _lock.obj (.data:$O1$$)
                  20000814    00000004                                   : stkdepth_vars.obj (.data)
                  20000818    00000003     main.obj (.data:new_line)
                  2000081b    00000003     Synth_API_Status_Registers.obj (.data:newline)

.bss       0    20000820    00000010     UNINITIALIZED
                  20000820    00000008     (.common:InternalReferenceValue)
                  20000828    00000004     (.common:cs_config)
                  2000082c    00000004     (.common:internalRefFactor)

MODULE SUMMARY

       Module                            code    ro data   rw data
       ------                            ----    -------   -------
    .\
       Synth_API_Console_Functions.obj   3280    0         0      
       main.obj                          3124    0         15     
       Synth_API_SPI_Setup.obj           2152    0         4      
       Synth_API_Control_Registers.obj   1378    0         0      
       Synth_API_Status_Registers.obj    1136    0         3      
       tm4c123gh6pm_startup_ccs.obj      12      620       0      
       Synth_API_Hibernation_Setup.obj   116     0         0      
       Synth_API_Preface_Registers.obj   18      0         0      
    +--+---------------------------------+-------+---------+---------+
       Total:                            11216   620       22     
                                                                  
    C:/ti/TivaWare_C_Series-2.1.4.178/driverlib/ccs/Debug/driverlib.lib
       hibernate.obj                     40      0         0      
    +--+---------------------------------+-------+---------+---------+
       Total:                            40      0         0      
                                                                  
    C:\ti\ccsv6\tools\compiler\ti-cgt-arm_15.12.5.LTS\lib\rtsv7M4_T_le_v4SPD16_eabi.lib
       ull_div_t2.obj                    500     0         0      
       fd_add_t2.obj                     438     0         0      
       fd_div_t2.obj                     310     0         0      
       fd_cmp_t2.obj                     268     0         0      
       fd_mul_t2.obj                     252     0         0      
       s_floor.obj                       248     0         0      
       s_round.obj                       192     0         0      
       memcpy_t2.obj                     156     0         0      
       memset_t2.obj                     122     0         0      
       autoinit.obj                      112     0         0      
       copy_decompress_rle.obj           112     0         0      
       exit.obj                          84      0         12     
       fd_toull_t2.obj                   92      0         0      
       boot.obj                          84      0         0      
       cpy_tbl.obj                       76      0         0      
       fd_toi_t2.obj                     72      0         0      
       fd_tou_t2.obj                     68      0         0      
       i_tofd_t2.obj                     46      0         0      
       ull_tofd_t2.obj                   44      0         0      
       strncmp.obj                       38      0         0      
       u_tofd_t2.obj                     32      0         0      
       _lock.obj                         20      0         8      
       args_main.obj                     24      0         0      
       ll_mul_t2.obj                     24      0         0      
       copy_decompress_none.obj          14      0         0      
       pre_init.obj                      4       0         0      
       stkdepth_vars.obj                 0       0         4      
       mpu_init.obj                      2       0         0      
       startup.obj                       2       0         0      
    +--+---------------------------------+-------+---------+---------+
       Total:                            3436    0         24     
                                                                  
       Stack:                            0       0         2048   
       Linker Generated:                 0       61        0      
    +--+---------------------------------+-------+---------+---------+
       Grand Total:                      14692   681       2094   


LINKER GENERATED COPY TABLES

__TI_cinit_table @ 00003c0c records: 2, size/record: 8, table size: 16
	.data: load addr=00003bd8, load size=0000001c bytes, run addr=20000800, run size=0000001e bytes, compression=rle
	.bss: load addr=00003bf8, load size=00000009 bytes, run addr=20000820, run size=00000010 bytes, compression=rle


LINKER GENERATED HANDLER TABLE

__TI_handler_table @ 00003c04 records: 2, size/record: 4, table size: 8
	index: 0, handler: __TI_decompress_rle24
	index: 1, handler: __TI_decompress_none


GLOBAL SYMBOLS: SORTED ALPHABETICALLY BY Name 

address   name                            
-------   ----                            
00003965  C$$EXIT                         
000025bb  CalibrationControl              
00000415  ConvertStringToBleederCurrent   
00000887  ConvertStringToBool             
00000461  ConvertStringToChargePumpCurrent
000008d5  ConvertStringToFloat            
0000065d  ConvertStringToFrequency        
00000c1d  ConvertStringToNumber           
00000545  ConvertStringToPowerSetting     
00000a7f  ConvertUserStringToFloat        
000021bb  Create24BitWord                 
00002143  DetermineFeedbackValues         
00001ff1  FixedPointMaximizeMOD           
00001eb5  FixedPointMinimizeMOD           
00000777  GenerateFrequencyRatio          
0000229f  GetRegisterValue                
00003b31  HibernateGPIORetentionEnable    
20000820  InternalReferenceValue          
00001d2d  OptimizeReferenceForPhaseNoise  
0000293d  ReadFromStatusRegisters         
00003bbf  ResetISR                        
UNDEFED   SHT$$INIT_ARRAY$$Base           
UNDEFED   SHT$$INIT_ARRAY$$Limit          
00002637  SetBandSelectClockDivider       
00002923  SetCalibrationVoltage           
000023d9  SetFeedbackControlValues        
000024cb  SetPhaseAdjustment              
000027c7  SetupChargePump                 
000026d9  SetupInputControlRegisters      
00002675  SetupLockDetect                 
00002845  SetupOutputControl              
00001c77  SplitNumber_16Bit               
00001cb9  SplitNumber_32Bit               
20000800  __STACK_END                     
00000800  __STACK_SIZE                    
20000200  __STACK_TOP                     
00003c0c  __TI_CINIT_Base                 
00003c1c  __TI_CINIT_Limit                
00003c04  __TI_Handler_Table_Base         
00003c0c  __TI_Handler_Table_Limit        
000037d9  __TI_auto_init                  
20000800  __TI_cleanup_ptr                
00003bb1  __TI_decompress_none            
00003bcb  __TI_decompress_rle24           
20000804  __TI_dtors_ptr                  
20000808  __TI_enable_exit_profile_output 
ffffffff  __TI_pprof_out_hndl             
ffffffff  __TI_prof_data_size             
ffffffff  __TI_prof_data_start            
00000000  __TI_static_base__              
000035dd  __aeabi_cdcmpeq                 
000035dd  __aeabi_cdcmple                 
00003663  __aeabi_cdrcmple                
00003a05  __aeabi_d2iz                    
00003a4d  __aeabi_d2uiz                   
000038b3  __aeabi_d2ulz                   
00002fab  __aeabi_dadd                    
00003157  __aeabi_ddiv                    
0000328d  __aeabi_dmul                    
00002fa1  __aeabi_dsub                    
00003a91  __aeabi_i2d                     
00003b61  __aeabi_lmul                    
000036e9  __aeabi_memclr                  
000036e9  __aeabi_memclr4                 
000036e9  __aeabi_memclr8                 
00003541  __aeabi_memcpy                  
00003541  __aeabi_memcpy4                 
00003541  __aeabi_memcpy8                 
000036eb  __aeabi_memset                  
000036eb  __aeabi_memset4                 
000036eb  __aeabi_memset8                 
00003b11  __aeabi_ui2d                    
00003abf  __aeabi_ul2d                    
00002dad  __aeabi_uldivmod                
ffffffff  __binit__                       
ffffffff  __c_args__                      
0000293b  __mpu_init                      
20000000  __stack                         
00003b49  _args_main                      
00003911  _c_int00                        
2000080c  _lock                           
00003b87  _nop                            
00003b7f  _register_lock                  
00003b79  _register_unlock                
00003763  _system_post_cinit              
00003bd1  _system_pre_init                
20000810  _unlock                         
00003969  abort                           
ffffffff  binit                           
000002db  clearArray                      
0000252f  controlDSM                      
000039b9  copy_in                         
20000828  cs_config                       
00003971  exit                            
00003389  floor                           
00003389  floorl                          
00000000  g_pfnVectors                    
0000030b  getString                       
0000026d  initConsole                     
00003765  initHibernationModule           
00003b8d  initPrefaceRegisters            
2000082c  internalRefFactor               
00000f3d  main                            
20000814  main_func_sp                    
00003541  memcpy                          
000036f1  memset                          
20000818  new_line                        
2000081b  newline                         
0000037b  parseString                     
00000d19  printFloat                      
00000d93  printInt                        
00000e39  printSingleNumber               
000003e7  printString                     
000022d5  readWord_24Bit                  
00003481  round                           
00003481  roundl                          
000021d1  sendWord_24Bit                  
0000282d  setVcoResolution                
00001b81  setupChipSelect                 
00001b71  setupClock                      
00001bd9  setupSPI_8Bit                   
00003aeb  strncmp                         


GLOBAL SYMBOLS: SORTED BY Symbol Address 

address   name                            
-------   ----                            
00000000  __TI_static_base__              
00000000  g_pfnVectors                    
0000026d  initConsole                     
000002db  clearArray                      
0000030b  getString                       
0000037b  parseString                     
000003e7  printString                     
00000415  ConvertStringToBleederCurrent   
00000461  ConvertStringToChargePumpCurrent
00000545  ConvertStringToPowerSetting     
0000065d  ConvertStringToFrequency        
00000777  GenerateFrequencyRatio          
00000800  __STACK_SIZE                    
00000887  ConvertStringToBool             
000008d5  ConvertStringToFloat            
00000a7f  ConvertUserStringToFloat        
00000c1d  ConvertStringToNumber           
00000d19  printFloat                      
00000d93  printInt                        
00000e39  printSingleNumber               
00000f3d  main                            
00001b71  setupClock                      
00001b81  setupChipSelect                 
00001bd9  setupSPI_8Bit                   
00001c77  SplitNumber_16Bit               
00001cb9  SplitNumber_32Bit               
00001d2d  OptimizeReferenceForPhaseNoise  
00001eb5  FixedPointMinimizeMOD           
00001ff1  FixedPointMaximizeMOD           
00002143  DetermineFeedbackValues         
000021bb  Create24BitWord                 
000021d1  sendWord_24Bit                  
0000229f  GetRegisterValue                
000022d5  readWord_24Bit                  
000023d9  SetFeedbackControlValues        
000024cb  SetPhaseAdjustment              
0000252f  controlDSM                      
000025bb  CalibrationControl              
00002637  SetBandSelectClockDivider       
00002675  SetupLockDetect                 
000026d9  SetupInputControlRegisters      
000027c7  SetupChargePump                 
0000282d  setVcoResolution                
00002845  SetupOutputControl              
00002923  SetCalibrationVoltage           
0000293b  __mpu_init                      
0000293d  ReadFromStatusRegisters         
00002dad  __aeabi_uldivmod                
00002fa1  __aeabi_dsub                    
00002fab  __aeabi_dadd                    
00003157  __aeabi_ddiv                    
0000328d  __aeabi_dmul                    
00003389  floor                           
00003389  floorl                          
00003481  round                           
00003481  roundl                          
00003541  __aeabi_memcpy                  
00003541  __aeabi_memcpy4                 
00003541  __aeabi_memcpy8                 
00003541  memcpy                          
000035dd  __aeabi_cdcmpeq                 
000035dd  __aeabi_cdcmple                 
00003663  __aeabi_cdrcmple                
000036e9  __aeabi_memclr                  
000036e9  __aeabi_memclr4                 
000036e9  __aeabi_memclr8                 
000036eb  __aeabi_memset                  
000036eb  __aeabi_memset4                 
000036eb  __aeabi_memset8                 
000036f1  memset                          
00003763  _system_post_cinit              
00003765  initHibernationModule           
000037d9  __TI_auto_init                  
000038b3  __aeabi_d2ulz                   
00003911  _c_int00                        
00003965  C$$EXIT                         
00003969  abort                           
00003971  exit                            
000039b9  copy_in                         
00003a05  __aeabi_d2iz                    
00003a4d  __aeabi_d2uiz                   
00003a91  __aeabi_i2d                     
00003abf  __aeabi_ul2d                    
00003aeb  strncmp                         
00003b11  __aeabi_ui2d                    
00003b31  HibernateGPIORetentionEnable    
00003b49  _args_main                      
00003b61  __aeabi_lmul                    
00003b79  _register_unlock                
00003b7f  _register_lock                  
00003b87  _nop                            
00003b8d  initPrefaceRegisters            
00003bb1  __TI_decompress_none            
00003bbf  ResetISR                        
00003bcb  __TI_decompress_rle24           
00003bd1  _system_pre_init                
00003c04  __TI_Handler_Table_Base         
00003c0c  __TI_CINIT_Base                 
00003c0c  __TI_Handler_Table_Limit        
00003c1c  __TI_CINIT_Limit                
20000000  __stack                         
20000200  __STACK_TOP                     
20000800  __STACK_END                     
20000800  __TI_cleanup_ptr                
20000804  __TI_dtors_ptr                  
20000808  __TI_enable_exit_profile_output 
2000080c  _lock                           
20000810  _unlock                         
20000814  main_func_sp                    
20000818  new_line                        
2000081b  newline                         
20000820  InternalReferenceValue          
20000828  cs_config                       
2000082c  internalRefFactor               
ffffffff  __TI_pprof_out_hndl             
ffffffff  __TI_prof_data_size             
ffffffff  __TI_prof_data_start            
ffffffff  __binit__                       
ffffffff  __c_args__                      
ffffffff  binit                           
UNDEFED   SHT$$INIT_ARRAY$$Base           
UNDEFED   SHT$$INIT_ARRAY$$Limit          

[122 symbols]
