******************************************************************************
                  TI ARM Linker PC v15.12.5                    
******************************************************************************
>> Linked Wed Jul 26 20:09:23 2017

OUTPUT FILE NAME:   <Tiva C SPI.out>
ENTRY POINT SYMBOL: "_c_int00"  address: 00001a69


MEMORY CONFIGURATION

         name            origin    length      used     unused   attr    fill
----------------------  --------  ---------  --------  --------  ----  --------
  FLASH                 00000000   00040000  00001cf2  0003e30e  R  X
  SRAM                  20000000   00008000  0000021f  00007de1  RW X


SEGMENT ALLOCATION MAP

run origin  load origin   length   init length attrs members
----------  ----------- ---------- ----------- ----- -------
00000000    00000000    00001cf4   00001cf4    r-x
  00000000    00000000    0000026c   0000026c    r-- .intvecs
  0000026c    0000026c    00001a42   00001a42    r-x .text
  00001cb0    00001cb0    00000044   00000044    r-- .cinit
20000000    20000000    00000220   00000000    rw-
  20000000    20000000    00000200   00000000    rw- .stack
  20000200    20000200    0000001b   00000000    rw- .data
  2000021c    2000021c    00000004   00000000    rw- .bss


SECTION ALLOCATION MAP

 output                                  attributes/
section   page    origin      length       input sections
--------  ----  ----------  ----------   ----------------
.intvecs   0    00000000    0000026c     
                  00000000    0000026c     tm4c123gh6pm_startup_ccs.obj (.intvecs)

.text      0    0000026c    00001a42     
                  0000026c    00000a2c     Synth_API_Console_Functions.obj (.text)
                  00000c98    00000584     Synth_API_SPI_Setup.obj (.text)
                  0000121c    000001ec     main.obj (.text)
                  00001408    000001b6     rtsv7M4_T_le_v4SPD16_eabi.lib : fd_add_t2.obj (.text)
                  000015be    00000136                                   : fd_div_t2.obj (.text)
                  000016f4    000000fc                                   : fd_mul_t2.obj (.text)
                  000017f0    0000009c                                   : memcpy_t2.obj (.text)
                  0000188c    00000086                                   : fd_cmp_t2.obj (.text:__aeabi_cdcmple)
                  00001912    0000007a                                   : memset_t2.obj (.text)
                  0000198c    00000070                                   : autoinit.obj (.text)
                  000019fc    0000006a                                   : copy_decompress_rle.obj (.text)
                  00001a66    00000002                                   : mpu_init.obj (.text)
                  00001a68    00000054                                   : boot.obj (.text)
                  00001abc    00000054                                   : exit.obj (.text)
                  00001b10    0000004c                                   : cpy_tbl.obj (.text)
                  00001b5c    00000048                                   : fd_toi_t2.obj (.text)
                  00001ba4    00000044                                   : fd_tou_t2.obj (.text)
                  00001be8    0000002e                                   : i_tofd_t2.obj (.text)
                  00001c16    00000026                                   : strncmp.obj (.text)
                  00001c3c    00000020                                   : u_tofd_t2.obj (.text)
                  00001c5c    00000018                                   : args_main.obj (.text)
                  00001c74    00000014                                   : _lock.obj (.text)
                  00001c88    0000000e                                   : copy_decompress_none.obj (.text:decompress:none)
                  00001c96    0000000c     tm4c123gh6pm_startup_ccs.obj (.text)
                  00001ca2    00000006     rtsv7M4_T_le_v4SPD16_eabi.lib : copy_decompress_rle.obj (.text:decompress:rle24)
                  00001ca8    00000004                                   : pre_init.obj (.text)
                  00001cac    00000002                                   : startup.obj (.text)

.cinit     0    00001cb0    00000044     
                  00001cb0    00000019     (.cinit..data.load) [load image, compression = rle]
                  00001cc9    00000007     --HOLE-- [fill = 0]
                  00001cd0    00000009     (.cinit..bss.load) [load image, compression = rle]
                  00001cd9    00000003     --HOLE-- [fill = 0]
                  00001cdc    00000008     (__TI_handler_table)
                  00001ce4    00000010     (__TI_cinit_table)

.init_array 
*          0    00000000    00000000     UNINITIALIZED

.stack     0    20000000    00000200     UNINITIALIZED
                  20000000    00000200     --HOLE--

.data      0    20000200    0000001b     UNINITIALIZED
                  20000200    0000000c     rtsv7M4_T_le_v4SPD16_eabi.lib : exit.obj (.data:$O1$$)
                  2000020c    00000008                                   : _lock.obj (.data:$O1$$)
                  20000214    00000004                                   : stkdepth_vars.obj (.data)
                  20000218    00000003     main.obj (.data:new_line)

.bss       0    2000021c    00000004     UNINITIALIZED
                  2000021c    00000004     (.common:cs_config)

MODULE SUMMARY

       Module                            code   ro data   rw data
       ------                            ----   -------   -------
    .\
       Synth_API_Console_Functions.obj   2604   0         0      
       Synth_API_SPI_Setup.obj           1412   0         4      
       tm4c123gh6pm_startup_ccs.obj      12     620       0      
       main.obj                          492    0         3      
    +--+---------------------------------+------+---------+---------+
       Total:                            4520   620       7      
                                                                 
    C:\ti\ccsv6\tools\compiler\ti-cgt-arm_15.12.5.LTS\lib\rtsv7M4_T_le_v4SPD16_eabi.lib
       fd_add_t2.obj                     438    0         0      
       fd_div_t2.obj                     310    0         0      
       fd_mul_t2.obj                     252    0         0      
       memcpy_t2.obj                     156    0         0      
       fd_cmp_t2.obj                     134    0         0      
       memset_t2.obj                     122    0         0      
       autoinit.obj                      112    0         0      
       copy_decompress_rle.obj           112    0         0      
       exit.obj                          84     0         12     
       boot.obj                          84     0         0      
       cpy_tbl.obj                       76     0         0      
       fd_toi_t2.obj                     72     0         0      
       fd_tou_t2.obj                     68     0         0      
       i_tofd_t2.obj                     46     0         0      
       strncmp.obj                       38     0         0      
       u_tofd_t2.obj                     32     0         0      
       _lock.obj                         20     0         8      
       args_main.obj                     24     0         0      
       copy_decompress_none.obj          14     0         0      
       pre_init.obj                      4      0         0      
       stkdepth_vars.obj                 0      0         4      
       mpu_init.obj                      2      0         0      
       startup.obj                       2      0         0      
    +--+---------------------------------+------+---------+---------+
       Total:                            2202   0         24     
                                                                 
       Stack:                            0      0         512    
       Linker Generated:                 0      58        0      
    +--+---------------------------------+------+---------+---------+
       Grand Total:                      6722   678       543    


LINKER GENERATED COPY TABLES

__TI_cinit_table @ 00001ce4 records: 2, size/record: 8, table size: 16
	.data: load addr=00001cb0, load size=00000019 bytes, run addr=20000200, run size=0000001b bytes, compression=rle
	.bss: load addr=00001cd0, load size=00000009 bytes, run addr=2000021c, run size=00000004 bytes, compression=rle


LINKER GENERATED HANDLER TABLE

__TI_handler_table @ 00001cdc records: 2, size/record: 4, table size: 8
	index: 0, handler: __TI_decompress_rle24
	index: 1, handler: __TI_decompress_none


GLOBAL SYMBOLS: SORTED ALPHABETICALLY BY Name 

address   name                           
-------   ----                           
00001abd  C$$EXIT                        
00000615  ConvertStringToFloat           
000003e5  ConvertStringToFrequency       
00000983  ConvertStringToNumber          
000007dd  ConvertUserStringToFloat       
00000fdd  Create24BitWord                
00000f79  DetermineFeedbackValues        
00000515  GenerateFrequencyRatio         
000010d3  GetRegisterValue               
0000026d  InitConsole                    
00000e3b  MaximizeMOD                    
00000ecd  MinimizeMOD                    
00001c97  ResetISR                       
UNDEFED   SHT$$INIT_ARRAY$$Base          
UNDEFED   SHT$$INIT_ARRAY$$Limit         
00000d9f  SplitNumber_16Bit              
00000de1  SplitNumber_32Bit              
20000200  __STACK_END                    
00000200  __STACK_SIZE                   
20000200  __STACK_TOP                    
00001ce4  __TI_CINIT_Base                
00001cf4  __TI_CINIT_Limit               
00001cdc  __TI_Handler_Table_Base        
00001ce4  __TI_Handler_Table_Limit       
0000198d  __TI_auto_init                 
20000200  __TI_cleanup_ptr               
00001c89  __TI_decompress_none           
00001ca3  __TI_decompress_rle24          
20000204  __TI_dtors_ptr                 
20000208  __TI_enable_exit_profile_output
ffffffff  __TI_pprof_out_hndl            
ffffffff  __TI_prof_data_size            
ffffffff  __TI_prof_data_start           
00000000  __TI_static_base__             
0000188d  __aeabi_cdcmpeq                
0000188d  __aeabi_cdcmple                
00001b5d  __aeabi_d2iz                   
00001ba5  __aeabi_d2uiz                  
00001413  __aeabi_dadd                   
000015bf  __aeabi_ddiv                   
000016f5  __aeabi_dmul                   
00001409  __aeabi_dsub                   
00001be9  __aeabi_i2d                    
00001913  __aeabi_memclr                 
00001913  __aeabi_memclr4                
00001913  __aeabi_memclr8                
000017f1  __aeabi_memcpy                 
000017f1  __aeabi_memcpy4                
000017f1  __aeabi_memcpy8                
00001915  __aeabi_memset                 
00001915  __aeabi_memset4                
00001915  __aeabi_memset8                
00001c3d  __aeabi_ui2d                   
ffffffff  __binit__                      
ffffffff  __c_args__                     
00001a67  __mpu_init                     
20000000  __stack                        
00001c5d  _args_main                     
00001a69  _c_int00                       
2000020c  _lock                          
00001c83  _nop                           
00001c7b  _register_lock                 
00001c75  _register_unlock               
00001cad  _system_post_cinit             
00001ca9  _system_pre_init               
20000210  _unlock                        
00001ac1  abort                          
ffffffff  binit                          
000002db  clearArray                     
00001b11  copy_in                        
2000021c  cs_config                      
00001ac9  exit                           
00000000  g_pfnVectors                   
0000030b  getString                      
0000121d  main                           
20000214  main_func_sp                   
000017f1  memcpy                         
0000191b  memset                         
20000218  new_line                       
0000034b  parseString                    
00000a75  printFloat                     
00000aef  printInt                       
00000b95  printSingleNumber              
000003b7  printString                    
00001119  readWord_24Bit                 
00001005  sendWord_24Bit                 
00000ca9  setupChipSelect                
00000c99  setupClock                     
00000d01  setupSPI_8Bit                  
00001c17  strncmp                        


GLOBAL SYMBOLS: SORTED BY Symbol Address 

address   name                           
-------   ----                           
00000000  __TI_static_base__             
00000000  g_pfnVectors                   
00000200  __STACK_SIZE                   
0000026d  InitConsole                    
000002db  clearArray                     
0000030b  getString                      
0000034b  parseString                    
000003b7  printString                    
000003e5  ConvertStringToFrequency       
00000515  GenerateFrequencyRatio         
00000615  ConvertStringToFloat           
000007dd  ConvertUserStringToFloat       
00000983  ConvertStringToNumber          
00000a75  printFloat                     
00000aef  printInt                       
00000b95  printSingleNumber              
00000c99  setupClock                     
00000ca9  setupChipSelect                
00000d01  setupSPI_8Bit                  
00000d9f  SplitNumber_16Bit              
00000de1  SplitNumber_32Bit              
00000e3b  MaximizeMOD                    
00000ecd  MinimizeMOD                    
00000f79  DetermineFeedbackValues        
00000fdd  Create24BitWord                
00001005  sendWord_24Bit                 
000010d3  GetRegisterValue               
00001119  readWord_24Bit                 
0000121d  main                           
00001409  __aeabi_dsub                   
00001413  __aeabi_dadd                   
000015bf  __aeabi_ddiv                   
000016f5  __aeabi_dmul                   
000017f1  __aeabi_memcpy                 
000017f1  __aeabi_memcpy4                
000017f1  __aeabi_memcpy8                
000017f1  memcpy                         
0000188d  __aeabi_cdcmpeq                
0000188d  __aeabi_cdcmple                
00001913  __aeabi_memclr                 
00001913  __aeabi_memclr4                
00001913  __aeabi_memclr8                
00001915  __aeabi_memset                 
00001915  __aeabi_memset4                
00001915  __aeabi_memset8                
0000191b  memset                         
0000198d  __TI_auto_init                 
00001a67  __mpu_init                     
00001a69  _c_int00                       
00001abd  C$$EXIT                        
00001ac1  abort                          
00001ac9  exit                           
00001b11  copy_in                        
00001b5d  __aeabi_d2iz                   
00001ba5  __aeabi_d2uiz                  
00001be9  __aeabi_i2d                    
00001c17  strncmp                        
00001c3d  __aeabi_ui2d                   
00001c5d  _args_main                     
00001c75  _register_unlock               
00001c7b  _register_lock                 
00001c83  _nop                           
00001c89  __TI_decompress_none           
00001c97  ResetISR                       
00001ca3  __TI_decompress_rle24          
00001ca9  _system_pre_init               
00001cad  _system_post_cinit             
00001cdc  __TI_Handler_Table_Base        
00001ce4  __TI_CINIT_Base                
00001ce4  __TI_Handler_Table_Limit       
00001cf4  __TI_CINIT_Limit               
20000000  __stack                        
20000200  __STACK_END                    
20000200  __STACK_TOP                    
20000200  __TI_cleanup_ptr               
20000204  __TI_dtors_ptr                 
20000208  __TI_enable_exit_profile_output
2000020c  _lock                          
20000210  _unlock                        
20000214  main_func_sp                   
20000218  new_line                       
2000021c  cs_config                      
ffffffff  __TI_pprof_out_hndl            
ffffffff  __TI_prof_data_size            
ffffffff  __TI_prof_data_start           
ffffffff  __binit__                      
ffffffff  __c_args__                     
ffffffff  binit                          
UNDEFED   SHT$$INIT_ARRAY$$Base          
UNDEFED   SHT$$INIT_ARRAY$$Limit         

[90 symbols]
