******************************************************************************
                  TI ARM Linker PC v15.12.5                    
******************************************************************************
>> Linked Fri Jul 21 11:44:33 2017

OUTPUT FILE NAME:   <Tiva C SPI.out>
ENTRY POINT SYMBOL: "_c_int00"  address: 000010f5


MEMORY CONFIGURATION

         name            origin    length      used     unused   attr    fill
----------------------  --------  ---------  --------  --------  ----  --------
  FLASH                 00000000   00040000  000012f4  0003ed0c  R  X
  SRAM                  20000000   00008000  0000021f  00007de1  RW X


SEGMENT ALLOCATION MAP

run origin  load origin   length   init length attrs members
----------  ----------- ---------- ----------- ----- -------
00000000    00000000    000012f4   000012f4    r-x
  00000000    00000000    0000026c   0000026c    r-- .intvecs
  0000026c    0000026c    00001044   00001044    r-x .text
  000012b0    000012b0    00000044   00000044    r-- .cinit
20000000    20000000    00000220   00000000    rw-
  20000000    20000000    00000200   00000000    rw- .stack
  20000200    20000200    0000001b   00000000    rw- .data
  2000021c    2000021c    00000004   00000000    rw- .bss


SECTION ALLOCATION MAP

 output                                  attributes/
section   page    origin      length       input sections
--------  ----  ----------  ----------   ----------------
.intvecs   0    00000000    0000026c     
                  00000000    0000026c     tm4c123gh6pm_startup_ccs.obj (.intvecs)

.text      0    0000026c    00001044     
                  0000026c    00000670     Synth_API_Console_Functions.obj (.text)
                  000008dc    000003e0     Synth_API_SPI_Setup.obj (.text)
                  00000cbc    00000148     main.obj (.text)
                  00000e04    000000fc     rtsv7M4_T_le_v4SPD16_eabi.lib : fd_mul_t2.obj (.text)
                  00000f00    0000009c                                   : memcpy_t2.obj (.text)
                  00000f9c    0000007a                                   : memset_t2.obj (.text)
                  00001016    00000002                                   : mpu_init.obj (.text)
                  00001018    00000070                                   : autoinit.obj (.text)
                  00001088    0000006a                                   : copy_decompress_rle.obj (.text)
                  000010f2    00000002                                   : startup.obj (.text)
                  000010f4    00000054                                   : boot.obj (.text)
                  00001148    00000054                                   : exit.obj (.text)
                  0000119c    0000004c                                   : cpy_tbl.obj (.text)
                  000011e8    00000048                                   : fd_toi_t2.obj (.text)
                  00001230    0000002e                                   : i_tofd_t2.obj (.text)
                  0000125e    00000002     --HOLE-- [fill = 0]
                  00001260    00000018                                   : args_main.obj (.text)
                  00001278    00000014                                   : _lock.obj (.text)
                  0000128c    0000000e                                   : copy_decompress_none.obj (.text:decompress:none)
                  0000129a    0000000c     tm4c123gh6pm_startup_ccs.obj (.text)
                  000012a6    00000006     rtsv7M4_T_le_v4SPD16_eabi.lib : copy_decompress_rle.obj (.text:decompress:rle24)
                  000012ac    00000004                                   : pre_init.obj (.text)

.cinit     0    000012b0    00000044     
                  000012b0    00000019     (.cinit..data.load) [load image, compression = rle]
                  000012c9    00000007     --HOLE-- [fill = 0]
                  000012d0    00000009     (.cinit..bss.load) [load image, compression = rle]
                  000012d9    00000003     --HOLE-- [fill = 0]
                  000012dc    00000008     (__TI_handler_table)
                  000012e4    00000010     (__TI_cinit_table)

.init_array 
*          0    00000000    00000000     UNINITIALIZED

.stack     0    20000000    00000200     UNINITIALIZED
                  20000000    00000200     --HOLE--

.data      0    20000200    0000001b     UNINITIALIZED
                  20000200    0000000c     rtsv7M4_T_le_v4SPD16_eabi.lib : exit.obj (.data:$O1$$)
                  2000020c    00000008                                   : _lock.obj (.data:$O1$$)
                  20000214    00000004                                   : stkdepth_vars.obj (.data)
                  20000218    00000003     main.obj (.data:new_line)

.bss       0    2000021c    00000004     UNINITIALIZED
                  2000021c    00000004     (.common:cs_config)

MODULE SUMMARY

       Module                            code   ro data   rw data
       ------                            ----   -------   -------
    .\
       Synth_API_Console_Functions.obj   1648   0         0      
       Synth_API_SPI_Setup.obj           992    0         4      
       tm4c123gh6pm_startup_ccs.obj      12     620       0      
       main.obj                          328    0         3      
    +--+---------------------------------+------+---------+---------+
       Total:                            2980   620       7      
                                                                 
    C:\ti\ccsv6\tools\compiler\ti-cgt-arm_15.12.5.LTS\lib\rtsv7M4_T_le_v4SPD16_eabi.lib
       fd_mul_t2.obj                     252    0         0      
       memcpy_t2.obj                     156    0         0      
       memset_t2.obj                     122    0         0      
       autoinit.obj                      112    0         0      
       copy_decompress_rle.obj           112    0         0      
       exit.obj                          84     0         12     
       boot.obj                          84     0         0      
       cpy_tbl.obj                       76     0         0      
       fd_toi_t2.obj                     72     0         0      
       i_tofd_t2.obj                     46     0         0      
       _lock.obj                         20     0         8      
       args_main.obj                     24     0         0      
       copy_decompress_none.obj          14     0         0      
       pre_init.obj                      4      0         0      
       stkdepth_vars.obj                 0      0         4      
       mpu_init.obj                      2      0         0      
       startup.obj                       2      0         0      
    +--+---------------------------------+------+---------+---------+
       Total:                            1182   0         24     
                                                                 
       Stack:                            0      0         512    
       Linker Generated:                 0      58        0      
    +--+---------------------------------+------+---------+---------+
       Grand Total:                      4162   678       543    


LINKER GENERATED COPY TABLES

__TI_cinit_table @ 000012e4 records: 2, size/record: 8, table size: 16
	.data: load addr=000012b0, load size=00000019 bytes, run addr=20000200, run size=0000001b bytes, compression=rle
	.bss: load addr=000012d0, load size=00000009 bytes, run addr=2000021c, run size=00000004 bytes, compression=rle


LINKER GENERATED HANDLER TABLE

__TI_handler_table @ 000012dc records: 2, size/record: 4, table size: 8
	index: 0, handler: __TI_decompress_rle24
	index: 1, handler: __TI_decompress_none


GLOBAL SYMBOLS: SORTED ALPHABETICALLY BY Name 

address   name                           
-------   ----                           
00001149  C$$EXIT                        
00000435  ConvertStringToFloat           
000005d1  ConvertStringToNumber          
00000a7f  Create24BitWord                
00000d45  DetermineFeedbackValues        
00000b63  GetRegisterValue               
0000026d  InitConsole                    
0000129b  ResetISR                       
UNDEFED   SHT$$INIT_ARRAY$$Base          
UNDEFED   SHT$$INIT_ARRAY$$Limit         
000009e3  SplitNumber_16Bit              
00000a25  SplitNumber_32Bit              
20000200  __STACK_END                    
00000200  __STACK_SIZE                   
20000200  __STACK_TOP                    
000012e4  __TI_CINIT_Base                
000012f4  __TI_CINIT_Limit               
000012dc  __TI_Handler_Table_Base        
000012e4  __TI_Handler_Table_Limit       
00001019  __TI_auto_init                 
20000200  __TI_cleanup_ptr               
0000128d  __TI_decompress_none           
000012a7  __TI_decompress_rle24          
20000204  __TI_dtors_ptr                 
20000208  __TI_enable_exit_profile_output
ffffffff  __TI_pprof_out_hndl            
ffffffff  __TI_prof_data_size            
ffffffff  __TI_prof_data_start           
00000000  __TI_static_base__             
000011e9  __aeabi_d2iz                   
00000e05  __aeabi_dmul                   
00001231  __aeabi_i2d                    
00000f9d  __aeabi_memclr                 
00000f9d  __aeabi_memclr4                
00000f9d  __aeabi_memclr8                
00000f01  __aeabi_memcpy                 
00000f01  __aeabi_memcpy4                
00000f01  __aeabi_memcpy8                
00000f9f  __aeabi_memset                 
00000f9f  __aeabi_memset4                
00000f9f  __aeabi_memset8                
ffffffff  __binit__                      
ffffffff  __c_args__                     
00001017  __mpu_init                     
20000000  __stack                        
00001261  _args_main                     
000010f5  _c_int00                       
2000020c  _lock                          
00001287  _nop                           
0000127f  _register_lock                 
00001279  _register_unlock               
000010f3  _system_post_cinit             
000012ad  _system_pre_init               
20000210  _unlock                        
0000114d  abort                          
ffffffff  binit                          
000002db  clearArray                     
0000119d  copy_in                        
2000021c  cs_config                      
00001155  exit                           
00000000  g_pfnVectors                   
00000305  getString                      
00000cbd  main                           
20000214  main_func_sp                   
00000f01  memcpy                         
00000fa5  memset                         
20000218  new_line                       
00000345  parseString                    
000006c1  printFloat                     
0000073b  printInt                       
000007d9  printSingleNumber              
000003b1  printString                    
00000b9d  readWord_24Bit                 
00000a95  sendWord_24Bit                 
000008ed  setupChipSelect                
000008dd  setupClock                     
00000945  setupSPI_8Bit                  


GLOBAL SYMBOLS: SORTED BY Symbol Address 

address   name                           
-------   ----                           
00000000  __TI_static_base__             
00000000  g_pfnVectors                   
00000200  __STACK_SIZE                   
0000026d  InitConsole                    
000002db  clearArray                     
00000305  getString                      
00000345  parseString                    
000003b1  printString                    
00000435  ConvertStringToFloat           
000005d1  ConvertStringToNumber          
000006c1  printFloat                     
0000073b  printInt                       
000007d9  printSingleNumber              
000008dd  setupClock                     
000008ed  setupChipSelect                
00000945  setupSPI_8Bit                  
000009e3  SplitNumber_16Bit              
00000a25  SplitNumber_32Bit              
00000a7f  Create24BitWord                
00000a95  sendWord_24Bit                 
00000b63  GetRegisterValue               
00000b9d  readWord_24Bit                 
00000cbd  main                           
00000d45  DetermineFeedbackValues        
00000e05  __aeabi_dmul                   
00000f01  __aeabi_memcpy                 
00000f01  __aeabi_memcpy4                
00000f01  __aeabi_memcpy8                
00000f01  memcpy                         
00000f9d  __aeabi_memclr                 
00000f9d  __aeabi_memclr4                
00000f9d  __aeabi_memclr8                
00000f9f  __aeabi_memset                 
00000f9f  __aeabi_memset4                
00000f9f  __aeabi_memset8                
00000fa5  memset                         
00001017  __mpu_init                     
00001019  __TI_auto_init                 
000010f3  _system_post_cinit             
000010f5  _c_int00                       
00001149  C$$EXIT                        
0000114d  abort                          
00001155  exit                           
0000119d  copy_in                        
000011e9  __aeabi_d2iz                   
00001231  __aeabi_i2d                    
00001261  _args_main                     
00001279  _register_unlock               
0000127f  _register_lock                 
00001287  _nop                           
0000128d  __TI_decompress_none           
0000129b  ResetISR                       
000012a7  __TI_decompress_rle24          
000012ad  _system_pre_init               
000012dc  __TI_Handler_Table_Base        
000012e4  __TI_CINIT_Base                
000012e4  __TI_Handler_Table_Limit       
000012f4  __TI_CINIT_Limit               
20000000  __stack                        
20000200  __STACK_END                    
20000200  __STACK_TOP                    
20000200  __TI_cleanup_ptr               
20000204  __TI_dtors_ptr                 
20000208  __TI_enable_exit_profile_output
2000020c  _lock                          
20000210  _unlock                        
20000214  main_func_sp                   
20000218  new_line                       
2000021c  cs_config                      
ffffffff  __TI_pprof_out_hndl            
ffffffff  __TI_prof_data_size            
ffffffff  __TI_prof_data_start           
ffffffff  __binit__                      
ffffffff  __c_args__                     
ffffffff  binit                          
UNDEFED   SHT$$INIT_ARRAY$$Base          
UNDEFED   SHT$$INIT_ARRAY$$Limit         

[77 symbols]
