******************************************************************************
                  TI ARM Linker PC v15.12.5                    
******************************************************************************
>> Linked Thu Jul 20 18:32:29 2017

OUTPUT FILE NAME:   <Tiva C SPI.out>
ENTRY POINT SYMBOL: "_c_int00"  address: 000011cd


MEMORY CONFIGURATION

         name            origin    length      used     unused   attr    fill
----------------------  --------  ---------  --------  --------  ----  --------
  FLASH                 00000000   00040000  000013f0  0003ec10  R  X
  SRAM                  20000000   00008000  0000021f  00007de1  RW X


SEGMENT ALLOCATION MAP

run origin  load origin   length   init length attrs members
----------  ----------- ---------- ----------- ----- -------
00000000    00000000    000013f4   000013f4    r-x
  00000000    00000000    0000026c   0000026c    r-- .intvecs
  0000026c    0000026c    00001140   00001140    r-x .text
  000013b0    000013b0    00000044   00000044    r-- .cinit
20000000    20000000    00000220   00000000    rw-
  20000000    20000000    00000200   00000000    rw- .stack
  20000200    20000200    0000001b   00000000    rw- .data
  2000021c    2000021c    00000004   00000000    rw- .bss


SECTION ALLOCATION MAP

 output                                  attributes/
section   page    origin      length       input sections
--------  ----  ----------  ----------   ----------------
.intvecs   0    00000000    0000026c     
                  00000000    0000026c     tm4c123gh6pm_startup_ccs.obj (.intvecs)

.text      0    0000026c    00001140     
                  0000026c    00000c70     main.obj (.text)
                  00000edc    000000fc     rtsv7M4_T_le_v4SPD16_eabi.lib : fd_mul_t2.obj (.text)
                  00000fd8    0000009c                                   : memcpy_t2.obj (.text)
                  00001074    0000007a                                   : memset_t2.obj (.text)
                  000010ee    00000002                                   : mpu_init.obj (.text)
                  000010f0    00000070                                   : autoinit.obj (.text)
                  00001160    0000006a                                   : copy_decompress_rle.obj (.text)
                  000011ca    00000002                                   : startup.obj (.text)
                  000011cc    00000054                                   : boot.obj (.text)
                  00001220    00000054                                   : exit.obj (.text)
                  00001274    0000004c                                   : cpy_tbl.obj (.text)
                  000012c0    00000048                                   : fd_toi_t2.obj (.text)
                  00001308    0000002e                                   : i_tofd_t2.obj (.text)
                  00001336    00000026                                   : strncmp.obj (.text)
                  0000135c    00000018                                   : args_main.obj (.text)
                  00001374    00000014                                   : _lock.obj (.text)
                  00001388    0000000e                                   : copy_decompress_none.obj (.text:decompress:none)
                  00001396    0000000c     tm4c123gh6pm_startup_ccs.obj (.text)
                  000013a2    00000006     rtsv7M4_T_le_v4SPD16_eabi.lib : copy_decompress_rle.obj (.text:decompress:rle24)
                  000013a8    00000004                                   : pre_init.obj (.text)

.cinit     0    000013b0    00000044     
                  000013b0    00000019     (.cinit..data.load) [load image, compression = rle]
                  000013c9    00000007     --HOLE-- [fill = 0]
                  000013d0    00000009     (.cinit..bss.load) [load image, compression = rle]
                  000013d9    00000003     --HOLE-- [fill = 0]
                  000013dc    00000008     (__TI_handler_table)
                  000013e4    00000010     (__TI_cinit_table)

.init_array 
*          0    00000000    00000000     UNINITIALIZED

.stack     0    20000000    00000200     UNINITIALIZED
                  20000000    00000200     --HOLE--

.data      0    20000200    0000001b     UNINITIALIZED
                  20000200    0000000c     rtsv7M4_T_le_v4SPD16_eabi.lib : exit.obj (.data:$O1$$)
                  2000020c    00000008                                   : _lock.obj (.data:$O1$$)
                  20000214    00000004                                   : stkdepth_vars.obj (.data)
                  20000218    00000003     main.obj (.data:newline)

.bss       0    2000021c    00000004     UNINITIALIZED
                  2000021c    00000004     (.common:cs_config)

MODULE SUMMARY

       Module                         code   ro data   rw data
       ------                         ----   -------   -------
    .\
       main.obj                       3184   0         7      
       tm4c123gh6pm_startup_ccs.obj   12     620       0      
    +--+------------------------------+------+---------+---------+
       Total:                         3196   620       7      
                                                              
    C:\ti\ccsv6\tools\compiler\ti-cgt-arm_15.12.5.LTS\lib\rtsv7M4_T_le_v4SPD16_eabi.lib
       fd_mul_t2.obj                  252    0         0      
       memcpy_t2.obj                  156    0         0      
       memset_t2.obj                  122    0         0      
       autoinit.obj                   112    0         0      
       copy_decompress_rle.obj        112    0         0      
       exit.obj                       84     0         12     
       boot.obj                       84     0         0      
       cpy_tbl.obj                    76     0         0      
       fd_toi_t2.obj                  72     0         0      
       i_tofd_t2.obj                  46     0         0      
       strncmp.obj                    38     0         0      
       _lock.obj                      20     0         8      
       args_main.obj                  24     0         0      
       copy_decompress_none.obj       14     0         0      
       pre_init.obj                   4      0         0      
       stkdepth_vars.obj              0      0         4      
       mpu_init.obj                   2      0         0      
       startup.obj                    2      0         0      
    +--+------------------------------+------+---------+---------+
       Total:                         1220   0         24     
                                                              
       Stack:                         0      0         512    
       Linker Generated:              0      58        0      
    +--+------------------------------+------+---------+---------+
       Grand Total:                   4416   678       543    


LINKER GENERATED COPY TABLES

__TI_cinit_table @ 000013e4 records: 2, size/record: 8, table size: 16
	.data: load addr=000013b0, load size=00000019 bytes, run addr=20000200, run size=0000001b bytes, compression=rle
	.bss: load addr=000013d0, load size=00000009 bytes, run addr=2000021c, run size=00000004 bytes, compression=rle


LINKER GENERATED HANDLER TABLE

__TI_handler_table @ 000013dc records: 2, size/record: 4, table size: 8
	index: 0, handler: __TI_decompress_rle24
	index: 1, handler: __TI_decompress_none


GLOBAL SYMBOLS: SORTED ALPHABETICALLY BY Name 

address   name                           
-------   ----                           
00001221  C$$EXIT                        
00000429  ConvertStringToFloat           
000002f5  ConvertStringToNumber          
00000725  GetRegisterValue               
000008ed  InitConsole                    
00000655  ReadFromStatusRegisters        
00001397  ResetISR                       
UNDEFED   SHT$$INIT_ARRAY$$Base          
UNDEFED   SHT$$INIT_ARRAY$$Limit         
20000200  __STACK_END                    
00000200  __STACK_SIZE                   
20000200  __STACK_TOP                    
000013e4  __TI_CINIT_Base                
000013f4  __TI_CINIT_Limit               
000013dc  __TI_Handler_Table_Base        
000013e4  __TI_Handler_Table_Limit       
000010f1  __TI_auto_init                 
20000200  __TI_cleanup_ptr               
00001389  __TI_decompress_none           
000013a3  __TI_decompress_rle24          
20000204  __TI_dtors_ptr                 
20000208  __TI_enable_exit_profile_output
ffffffff  __TI_pprof_out_hndl            
ffffffff  __TI_prof_data_size            
ffffffff  __TI_prof_data_start           
00000000  __TI_static_base__             
000012c1  __aeabi_d2iz                   
00000edd  __aeabi_dmul                   
00001309  __aeabi_i2d                    
00001075  __aeabi_memclr                 
00001075  __aeabi_memclr4                
00001075  __aeabi_memclr8                
00000fd9  __aeabi_memcpy                 
00000fd9  __aeabi_memcpy4                
00000fd9  __aeabi_memcpy8                
00001077  __aeabi_memset                 
00001077  __aeabi_memset4                
00001077  __aeabi_memset8                
ffffffff  __binit__                      
ffffffff  __c_args__                     
000010ef  __mpu_init                     
20000000  __stack                        
0000135d  _args_main                     
000011cd  _c_int00                       
2000020c  _lock                          
00001383  _nop                           
0000137b  _register_lock                 
00001375  _register_unlock               
000011cb  _system_post_cinit             
000013a9  _system_pre_init               
20000210  _unlock                        
00001225  abort                          
ffffffff  binit                          
0000083b  clearArray                     
00001275  copy_in                        
2000021c  cs_config                      
000006a5  determineDividerValues         
0000122d  exit                           
00000000  g_pfnVectors                   
00000869  getString                      
0000026d  main                           
20000214  main_func_sp                   
00000fd9  memcpy                         
0000107d  memset                         
20000218  newline                        
000006b9  parseString                    
000005db  printFloat                     
00000991  printInt                       
00000a3d  printSingleNumber              
000008ad  printString                    
0000074b  readWord_24Bit                 
00000cbd  sendWord                       
00000be5  sendWord_24Bit                 
00000b3b  setupChipSelect                
00000b2b  setupClock                     
00000e19  setupSPI_16Bit                 
00000d6f  setupSPI_8Bit                  
00001337  strncmp                        


GLOBAL SYMBOLS: SORTED BY Symbol Address 

address   name                           
-------   ----                           
00000000  __TI_static_base__             
00000000  g_pfnVectors                   
00000200  __STACK_SIZE                   
0000026d  main                           
000002f5  ConvertStringToNumber          
00000429  ConvertStringToFloat           
000005db  printFloat                     
00000655  ReadFromStatusRegisters        
000006a5  determineDividerValues         
000006b9  parseString                    
00000725  GetRegisterValue               
0000074b  readWord_24Bit                 
0000083b  clearArray                     
00000869  getString                      
000008ad  printString                    
000008ed  InitConsole                    
00000991  printInt                       
00000a3d  printSingleNumber              
00000b2b  setupClock                     
00000b3b  setupChipSelect                
00000be5  sendWord_24Bit                 
00000cbd  sendWord                       
00000d6f  setupSPI_8Bit                  
00000e19  setupSPI_16Bit                 
00000edd  __aeabi_dmul                   
00000fd9  __aeabi_memcpy                 
00000fd9  __aeabi_memcpy4                
00000fd9  __aeabi_memcpy8                
00000fd9  memcpy                         
00001075  __aeabi_memclr                 
00001075  __aeabi_memclr4                
00001075  __aeabi_memclr8                
00001077  __aeabi_memset                 
00001077  __aeabi_memset4                
00001077  __aeabi_memset8                
0000107d  memset                         
000010ef  __mpu_init                     
000010f1  __TI_auto_init                 
000011cb  _system_post_cinit             
000011cd  _c_int00                       
00001221  C$$EXIT                        
00001225  abort                          
0000122d  exit                           
00001275  copy_in                        
000012c1  __aeabi_d2iz                   
00001309  __aeabi_i2d                    
00001337  strncmp                        
0000135d  _args_main                     
00001375  _register_unlock               
0000137b  _register_lock                 
00001383  _nop                           
00001389  __TI_decompress_none           
00001397  ResetISR                       
000013a3  __TI_decompress_rle24          
000013a9  _system_pre_init               
000013dc  __TI_Handler_Table_Base        
000013e4  __TI_CINIT_Base                
000013e4  __TI_Handler_Table_Limit       
000013f4  __TI_CINIT_Limit               
20000000  __stack                        
20000200  __STACK_END                    
20000200  __STACK_TOP                    
20000200  __TI_cleanup_ptr               
20000204  __TI_dtors_ptr                 
20000208  __TI_enable_exit_profile_output
2000020c  _lock                          
20000210  _unlock                        
20000214  main_func_sp                   
20000218  newline                        
2000021c  cs_config                      
ffffffff  __TI_pprof_out_hndl            
ffffffff  __TI_prof_data_size            
ffffffff  __TI_prof_data_start           
ffffffff  __binit__                      
ffffffff  __c_args__                     
ffffffff  binit                          
UNDEFED   SHT$$INIT_ARRAY$$Base          
UNDEFED   SHT$$INIT_ARRAY$$Limit         

[78 symbols]
