******************************************************************************
                  TI ARM Linker PC v15.12.5                    
******************************************************************************
>> Linked Sun Jul 30 14:27:31 2017

OUTPUT FILE NAME:   <Tiva C SPI.out>
ENTRY POINT SYMBOL: "_c_int00"  address: 000019dd


MEMORY CONFIGURATION

         name            origin    length      used     unused   attr    fill
----------------------  --------  ---------  --------  --------  ----  --------
  FLASH                 00000000   00040000  00001cc0  0003e340  R  X
  SRAM                  20000000   00008000  0000021c  00007de4  RW X


SEGMENT ALLOCATION MAP

run origin  load origin   length   init length attrs members
----------  ----------- ---------- ----------- ----- -------
00000000    00000000    00001cc4   00001cc4    r-x
  00000000    00000000    0000026c   0000026c    r-- .intvecs
  0000026c    0000026c    00001a18   00001a18    r-x .text
  00001c88    00001c88    0000003c   0000003c    r-- .cinit
20000000    20000000    0000021c   00000000    rw-
  20000000    20000000    00000200   00000000    rw- .stack
  20000200    20000200    00000018   00000000    rw- .data
  20000218    20000218    00000004   00000000    rw- .bss


SECTION ALLOCATION MAP

 output                                  attributes/
section   page    origin      length       input sections
--------  ----  ----------  ----------   ----------------
.intvecs   0    00000000    0000026c     
                  00000000    0000026c     tm4c123gh6pm_startup_ccs.obj (.intvecs)

.text      0    0000026c    00001a18     
                  0000026c    00000a2c     Synth_API_Console_Functions.obj (.text)
                  00000c98    00000688     Synth_API_SPI_Setup.obj (.text)
                  00001320    000001b6     rtsv7M4_T_le_v4SPD16_eabi.lib : fd_add_t2.obj (.text)
                  000014d6    00000136                                   : fd_div_t2.obj (.text)
                  0000160c    000000fc                                   : fd_mul_t2.obj (.text)
                  00001708    0000009c                                   : memcpy_t2.obj (.text)
                  000017a4    00000086                                   : fd_cmp_t2.obj (.text:__aeabi_cdcmple)
                  0000182a    0000007a                                   : memset_t2.obj (.text)
                  000018a4    00000070                                   : autoinit.obj (.text)
                  00001914    0000006a                                   : copy_decompress_rle.obj (.text)
                  0000197e    0000005c                                   : fd_toull_t2.obj (.text)
                  000019da    00000002                                   : mpu_init.obj (.text)
                  000019dc    00000054                                   : boot.obj (.text)
                  00001a30    00000054                                   : exit.obj (.text)
                  00001a84    0000004c                                   : cpy_tbl.obj (.text)
                  00001ad0    00000048                                   : fd_toi_t2.obj (.text)
                  00001b18    00000044                                   : fd_tou_t2.obj (.text)
                  00001b5c    0000002e                                   : i_tofd_t2.obj (.text)
                  00001b8a    0000002c                                   : ull_tofd_t2.obj (.text)
                  00001bb6    00000026                                   : strncmp.obj (.text)
                  00001bdc    00000020                                   : u_tofd_t2.obj (.text)
                  00001bfc    0000001e     main.obj (.text)
                  00001c1a    00000002     rtsv7M4_T_le_v4SPD16_eabi.lib : startup.obj (.text)
                  00001c1c    00000018                                   : args_main.obj (.text)
                  00001c34    00000018                                   : ll_mul_t2.obj (.text)
                  00001c4c    00000014                                   : _lock.obj (.text)
                  00001c60    0000000e                                   : copy_decompress_none.obj (.text:decompress:none)
                  00001c6e    0000000c     tm4c123gh6pm_startup_ccs.obj (.text)
                  00001c7a    00000006     rtsv7M4_T_le_v4SPD16_eabi.lib : copy_decompress_rle.obj (.text:decompress:rle24)
                  00001c80    00000004                                   : pre_init.obj (.text)

.cinit     0    00001c88    0000003c     
                  00001c88    00000016     (.cinit..data.load) [load image, compression = rle]
                  00001c9e    00000002     --HOLE-- [fill = 0]
                  00001ca0    00000009     (.cinit..bss.load) [load image, compression = rle]
                  00001ca9    00000003     --HOLE-- [fill = 0]
                  00001cac    00000008     (__TI_handler_table)
                  00001cb4    00000010     (__TI_cinit_table)

.init_array 
*          0    00000000    00000000     UNINITIALIZED

.stack     0    20000000    00000200     UNINITIALIZED
                  20000000    00000200     --HOLE--

.data      0    20000200    00000018     UNINITIALIZED
                  20000200    0000000c     rtsv7M4_T_le_v4SPD16_eabi.lib : exit.obj (.data:$O1$$)
                  2000020c    00000008                                   : _lock.obj (.data:$O1$$)
                  20000214    00000004                                   : stkdepth_vars.obj (.data)

.bss       0    20000218    00000004     UNINITIALIZED
                  20000218    00000004     (.common:cs_config)

MODULE SUMMARY

       Module                            code   ro data   rw data
       ------                            ----   -------   -------
    .\
       Synth_API_Console_Functions.obj   2604   0         0      
       Synth_API_SPI_Setup.obj           1672   0         4      
       tm4c123gh6pm_startup_ccs.obj      12     620       0      
       main.obj                          30     0         0      
    +--+---------------------------------+------+---------+---------+
       Total:                            4318   620       4      
                                                                 
    C:\ti\ccsv6\tools\compiler\ti-cgt-arm_15.12.5.LTS\lib\rtsv7M4_T_le_v4SPD16_eabi.lib
       fd_add_t2.obj                     438    0         0      
       fd_div_t2.obj                     310    0         0      
       fd_mul_t2.obj                     252    0         0      
       memcpy_t2.obj                     156    0         0      
       fd_cmp_t2.obj                     134    0         0      
       memset_t2.obj                     122    0         0      
       autoinit.obj                      112    0         0      
       copy_decompress_rle.obj           112    0         0      
       exit.obj                          84     0         12     
       fd_toull_t2.obj                   92     0         0      
       boot.obj                          84     0         0      
       cpy_tbl.obj                       76     0         0      
       fd_toi_t2.obj                     72     0         0      
       fd_tou_t2.obj                     68     0         0      
       i_tofd_t2.obj                     46     0         0      
       ull_tofd_t2.obj                   44     0         0      
       strncmp.obj                       38     0         0      
       u_tofd_t2.obj                     32     0         0      
       _lock.obj                         20     0         8      
       args_main.obj                     24     0         0      
       ll_mul_t2.obj                     24     0         0      
       copy_decompress_none.obj          14     0         0      
       pre_init.obj                      4      0         0      
       stkdepth_vars.obj                 0      0         4      
       mpu_init.obj                      2      0         0      
       startup.obj                       2      0         0      
    +--+---------------------------------+------+---------+---------+
       Total:                            2362   0         24     
                                                                 
       Stack:                            0      0         512    
       Linker Generated:                 0      55        0      
    +--+---------------------------------+------+---------+---------+
       Grand Total:                      6680   675       540    


LINKER GENERATED COPY TABLES

__TI_cinit_table @ 00001cb4 records: 2, size/record: 8, table size: 16
	.data: load addr=00001c88, load size=00000016 bytes, run addr=20000200, run size=00000018 bytes, compression=rle
	.bss: load addr=00001ca0, load size=00000009 bytes, run addr=20000218, run size=00000004 bytes, compression=rle


LINKER GENERATED HANDLER TABLE

__TI_handler_table @ 00001cac records: 2, size/record: 4, table size: 8
	index: 0, handler: __TI_decompress_rle24
	index: 1, handler: __TI_decompress_none


GLOBAL SYMBOLS: SORTED ALPHABETICALLY BY Name 

address   name                           
-------   ----                           
00001a31  C$$EXIT                        
00000615  ConvertStringToFloat           
000003e5  ConvertStringToFrequency       
00000983  ConvertStringToNumber          
000007dd  ConvertUserStringToFloat       
000010ed  Create24BitWord                
0000108d  DetermineFeedbackValues        
00000f7d  FixedPointMaximizeMOD          
00000e3b  FixedPointMinimizeMOD          
00000515  GenerateFrequencyRatio         
000011ed  GetRegisterValue               
0000026d  InitConsole                    
00001c6f  ResetISR                       
UNDEFED   SHT$$INIT_ARRAY$$Base          
UNDEFED   SHT$$INIT_ARRAY$$Limit         
00000d9f  SplitNumber_16Bit              
00000de1  SplitNumber_32Bit              
20000200  __STACK_END                    
00000200  __STACK_SIZE                   
20000200  __STACK_TOP                    
00001cb4  __TI_CINIT_Base                
00001cc4  __TI_CINIT_Limit               
00001cac  __TI_Handler_Table_Base        
00001cb4  __TI_Handler_Table_Limit       
000018a5  __TI_auto_init                 
20000200  __TI_cleanup_ptr               
00001c61  __TI_decompress_none           
00001c7b  __TI_decompress_rle24          
20000204  __TI_dtors_ptr                 
20000208  __TI_enable_exit_profile_output
ffffffff  __TI_pprof_out_hndl            
ffffffff  __TI_prof_data_size            
ffffffff  __TI_prof_data_start           
00000000  __TI_static_base__             
000017a5  __aeabi_cdcmpeq                
000017a5  __aeabi_cdcmple                
00001ad1  __aeabi_d2iz                   
00001b19  __aeabi_d2uiz                  
0000197f  __aeabi_d2ulz                  
0000132b  __aeabi_dadd                   
000014d7  __aeabi_ddiv                   
0000160d  __aeabi_dmul                   
00001321  __aeabi_dsub                   
00001b5d  __aeabi_i2d                    
00001c35  __aeabi_lmul                   
0000182b  __aeabi_memclr                 
0000182b  __aeabi_memclr4                
0000182b  __aeabi_memclr8                
00001709  __aeabi_memcpy                 
00001709  __aeabi_memcpy4                
00001709  __aeabi_memcpy8                
0000182d  __aeabi_memset                 
0000182d  __aeabi_memset4                
0000182d  __aeabi_memset8                
00001bdd  __aeabi_ui2d                   
00001b8b  __aeabi_ul2d                   
ffffffff  __binit__                      
ffffffff  __c_args__                     
000019db  __mpu_init                     
20000000  __stack                        
00001c1d  _args_main                     
000019dd  _c_int00                       
2000020c  _lock                          
00001c5b  _nop                           
00001c53  _register_lock                 
00001c4d  _register_unlock               
00001c1b  _system_post_cinit             
00001c81  _system_pre_init               
20000210  _unlock                        
00001a35  abort                          
ffffffff  binit                          
000002db  clearArray                     
00001a85  copy_in                        
20000218  cs_config                      
00001a3d  exit                           
00000000  g_pfnVectors                   
0000030b  getString                      
00001bfd  main                           
20000214  main_func_sp                   
00001709  memcpy                         
00001833  memset                         
0000034b  parseString                    
00000a75  printFloat                     
00000aef  printInt                       
00000b95  printSingleNumber              
000003b7  printString                    
0000121d  readWord_24Bit                 
00001115  sendWord_24Bit                 
00000ca9  setupChipSelect                
00000c99  setupClock                     
00000d01  setupSPI_8Bit                  
00001bb7  strncmp                        


GLOBAL SYMBOLS: SORTED BY Symbol Address 

address   name                           
-------   ----                           
00000000  __TI_static_base__             
00000000  g_pfnVectors                   
00000200  __STACK_SIZE                   
0000026d  InitConsole                    
000002db  clearArray                     
0000030b  getString                      
0000034b  parseString                    
000003b7  printString                    
000003e5  ConvertStringToFrequency       
00000515  GenerateFrequencyRatio         
00000615  ConvertStringToFloat           
000007dd  ConvertUserStringToFloat       
00000983  ConvertStringToNumber          
00000a75  printFloat                     
00000aef  printInt                       
00000b95  printSingleNumber              
00000c99  setupClock                     
00000ca9  setupChipSelect                
00000d01  setupSPI_8Bit                  
00000d9f  SplitNumber_16Bit              
00000de1  SplitNumber_32Bit              
00000e3b  FixedPointMinimizeMOD          
00000f7d  FixedPointMaximizeMOD          
0000108d  DetermineFeedbackValues        
000010ed  Create24BitWord                
00001115  sendWord_24Bit                 
000011ed  GetRegisterValue               
0000121d  readWord_24Bit                 
00001321  __aeabi_dsub                   
0000132b  __aeabi_dadd                   
000014d7  __aeabi_ddiv                   
0000160d  __aeabi_dmul                   
00001709  __aeabi_memcpy                 
00001709  __aeabi_memcpy4                
00001709  __aeabi_memcpy8                
00001709  memcpy                         
000017a5  __aeabi_cdcmpeq                
000017a5  __aeabi_cdcmple                
0000182b  __aeabi_memclr                 
0000182b  __aeabi_memclr4                
0000182b  __aeabi_memclr8                
0000182d  __aeabi_memset                 
0000182d  __aeabi_memset4                
0000182d  __aeabi_memset8                
00001833  memset                         
000018a5  __TI_auto_init                 
0000197f  __aeabi_d2ulz                  
000019db  __mpu_init                     
000019dd  _c_int00                       
00001a31  C$$EXIT                        
00001a35  abort                          
00001a3d  exit                           
00001a85  copy_in                        
00001ad1  __aeabi_d2iz                   
00001b19  __aeabi_d2uiz                  
00001b5d  __aeabi_i2d                    
00001b8b  __aeabi_ul2d                   
00001bb7  strncmp                        
00001bdd  __aeabi_ui2d                   
00001bfd  main                           
00001c1b  _system_post_cinit             
00001c1d  _args_main                     
00001c35  __aeabi_lmul                   
00001c4d  _register_unlock               
00001c53  _register_lock                 
00001c5b  _nop                           
00001c61  __TI_decompress_none           
00001c6f  ResetISR                       
00001c7b  __TI_decompress_rle24          
00001c81  _system_pre_init               
00001cac  __TI_Handler_Table_Base        
00001cb4  __TI_CINIT_Base                
00001cb4  __TI_Handler_Table_Limit       
00001cc4  __TI_CINIT_Limit               
20000000  __stack                        
20000200  __STACK_END                    
20000200  __STACK_TOP                    
20000200  __TI_cleanup_ptr               
20000204  __TI_dtors_ptr                 
20000208  __TI_enable_exit_profile_output
2000020c  _lock                          
20000210  _unlock                        
20000214  main_func_sp                   
20000218  cs_config                      
ffffffff  __TI_pprof_out_hndl            
ffffffff  __TI_prof_data_size            
ffffffff  __TI_prof_data_start           
ffffffff  __binit__                      
ffffffff  __c_args__                     
ffffffff  binit                          
UNDEFED   SHT$$INIT_ARRAY$$Base          
UNDEFED   SHT$$INIT_ARRAY$$Limit         

[92 symbols]
