******************************************************************************
                  TI ARM Linker PC v15.12.5                    
******************************************************************************
>> Linked Mon Jun 26 16:36:04 2017

OUTPUT FILE NAME:   <Tiva C SPI.out>
ENTRY POINT SYMBOL: "_c_int00"  address: 00000639


MEMORY CONFIGURATION

         name            origin    length      used     unused   attr    fill
----------------------  --------  ---------  --------  --------  ----  --------
  FLASH                 00000000   00040000  000007b8  0003f848  R  X
  SRAM                  20000000   00008000  0000021c  00007de4  RW X


SEGMENT ALLOCATION MAP

run origin  load origin   length   init length attrs members
----------  ----------- ---------- ----------- ----- -------
00000000    00000000    000007bc   000007bc    r-x
  00000000    00000000    0000026c   0000026c    r-- .intvecs
  0000026c    0000026c    00000510   00000510    r-x .text
  00000780    00000780    0000003c   0000003c    r-- .cinit
20000000    20000000    0000021c   00000000    rw-
  20000000    20000000    00000200   00000000    rw- .stack
  20000200    20000200    00000018   00000000    rw- .data
  20000218    20000218    00000004   00000000    rw- .bss


SECTION ALLOCATION MAP

 output                                  attributes/
section   page    origin      length       input sections
--------  ----  ----------  ----------   ----------------
.intvecs   0    00000000    0000026c     
                  00000000    0000026c     tm4c123gh6pm_startup_ccs.obj (.intvecs)

.text      0    0000026c    00000510     
                  0000026c    000001d8     main.obj (.text)
                  00000444    0000009c     rtsv7M4_T_le_v4SPD16_eabi.lib : memcpy_t2.obj (.text)
                  000004e0    0000007a                                   : memset_t2.obj (.text)
                  0000055a    00000002                                   : mpu_init.obj (.text)
                  0000055c    00000070                                   : autoinit.obj (.text)
                  000005cc    0000006a                                   : copy_decompress_rle.obj (.text)
                  00000636    00000002                                   : startup.obj (.text)
                  00000638    00000054                                   : boot.obj (.text)
                  0000068c    00000054                                   : exit.obj (.text)
                  000006e0    0000004c                                   : cpy_tbl.obj (.text)
                  0000072c    00000018                                   : args_main.obj (.text)
                  00000744    00000014                                   : _lock.obj (.text)
                  00000758    0000000e                                   : copy_decompress_none.obj (.text:decompress:none)
                  00000766    0000000c     tm4c123gh6pm_startup_ccs.obj (.text)
                  00000772    00000006     rtsv7M4_T_le_v4SPD16_eabi.lib : copy_decompress_rle.obj (.text:decompress:rle24)
                  00000778    00000004                                   : pre_init.obj (.text)

.cinit     0    00000780    0000003c     
                  00000780    00000016     (.cinit..data.load) [load image, compression = rle]
                  00000796    00000002     --HOLE-- [fill = 0]
                  00000798    00000009     (.cinit..bss.load) [load image, compression = rle]
                  000007a1    00000003     --HOLE-- [fill = 0]
                  000007a4    00000008     (__TI_handler_table)
                  000007ac    00000010     (__TI_cinit_table)

.init_array 
*          0    00000000    00000000     UNINITIALIZED

.stack     0    20000000    00000200     UNINITIALIZED
                  20000000    00000200     --HOLE--

.data      0    20000200    00000018     UNINITIALIZED
                  20000200    0000000c     rtsv7M4_T_le_v4SPD16_eabi.lib : exit.obj (.data:$O1$$)
                  2000020c    00000008                                   : _lock.obj (.data:$O1$$)
                  20000214    00000004                                   : stkdepth_vars.obj (.data)

.bss       0    20000218    00000004     UNINITIALIZED
                  20000218    00000004     (.common:cs_config)

MODULE SUMMARY

       Module                         code   ro data   rw data
       ------                         ----   -------   -------
    .\
       tm4c123gh6pm_startup_ccs.obj   12     620       0      
       main.obj                       472    0         4      
    +--+------------------------------+------+---------+---------+
       Total:                         484    620       4      
                                                              
    C:\ti\ccsv6\tools\compiler\ti-cgt-arm_15.12.5.LTS\lib\rtsv7M4_T_le_v4SPD16_eabi.lib
       memcpy_t2.obj                  156    0         0      
       memset_t2.obj                  122    0         0      
       autoinit.obj                   112    0         0      
       copy_decompress_rle.obj        112    0         0      
       exit.obj                       84     0         12     
       boot.obj                       84     0         0      
       cpy_tbl.obj                    76     0         0      
       _lock.obj                      20     0         8      
       args_main.obj                  24     0         0      
       copy_decompress_none.obj       14     0         0      
       pre_init.obj                   4      0         0      
       stkdepth_vars.obj              0      0         4      
       mpu_init.obj                   2      0         0      
       startup.obj                    2      0         0      
    +--+------------------------------+------+---------+---------+
       Total:                         812    0         24     
                                                              
       Stack:                         0      0         512    
       Linker Generated:              0      55        0      
    +--+------------------------------+------+---------+---------+
       Grand Total:                   1296   675       540    


LINKER GENERATED COPY TABLES

__TI_cinit_table @ 000007ac records: 2, size/record: 8, table size: 16
	.data: load addr=00000780, load size=00000016 bytes, run addr=20000200, run size=00000018 bytes, compression=rle
	.bss: load addr=00000798, load size=00000009 bytes, run addr=20000218, run size=00000004 bytes, compression=rle


LINKER GENERATED HANDLER TABLE

__TI_handler_table @ 000007a4 records: 2, size/record: 4, table size: 8
	index: 0, handler: __TI_decompress_rle24
	index: 1, handler: __TI_decompress_none


GLOBAL SYMBOLS: SORTED ALPHABETICALLY BY Name 

address   name                           
-------   ----                           
0000068d  C$$EXIT                        
00000767  ResetISR                       
UNDEFED   SHT$$INIT_ARRAY$$Base          
UNDEFED   SHT$$INIT_ARRAY$$Limit         
00000417  SPI_ISR_Handler                
20000200  __STACK_END                    
00000200  __STACK_SIZE                   
20000200  __STACK_TOP                    
000007ac  __TI_CINIT_Base                
000007bc  __TI_CINIT_Limit               
000007a4  __TI_Handler_Table_Base        
000007ac  __TI_Handler_Table_Limit       
0000055d  __TI_auto_init                 
20000200  __TI_cleanup_ptr               
00000759  __TI_decompress_none           
00000773  __TI_decompress_rle24          
20000204  __TI_dtors_ptr                 
20000208  __TI_enable_exit_profile_output
ffffffff  __TI_pprof_out_hndl            
ffffffff  __TI_prof_data_size            
ffffffff  __TI_prof_data_start           
00000000  __TI_static_base__             
000004e1  __aeabi_memclr                 
000004e1  __aeabi_memclr4                
000004e1  __aeabi_memclr8                
00000445  __aeabi_memcpy                 
00000445  __aeabi_memcpy4                
00000445  __aeabi_memcpy8                
000004e3  __aeabi_memset                 
000004e3  __aeabi_memset4                
000004e3  __aeabi_memset8                
ffffffff  __binit__                      
ffffffff  __c_args__                     
0000055b  __mpu_init                     
20000000  __stack                        
0000072d  _args_main                     
00000639  _c_int00                       
2000020c  _lock                          
00000753  _nop                           
0000074b  _register_lock                 
00000745  _register_unlock               
00000637  _system_post_cinit             
00000779  _system_pre_init               
20000210  _unlock                        
00000691  abort                          
ffffffff  binit                          
000006e1  copy_in                        
20000218  cs_config                      
00000699  exit                           
00000000  g_pfnVectors                   
0000026d  main                           
20000214  main_func_sp                   
00000445  memcpy                         
000004e9  memset                         
000002f3  sendWord                       
0000029b  setupChipSelect                
0000028b  setupClock                     
00000385  setupSPI                       


GLOBAL SYMBOLS: SORTED BY Symbol Address 

address   name                           
-------   ----                           
00000000  __TI_static_base__             
00000000  g_pfnVectors                   
00000200  __STACK_SIZE                   
0000026d  main                           
0000028b  setupClock                     
0000029b  setupChipSelect                
000002f3  sendWord                       
00000385  setupSPI                       
00000417  SPI_ISR_Handler                
00000445  __aeabi_memcpy                 
00000445  __aeabi_memcpy4                
00000445  __aeabi_memcpy8                
00000445  memcpy                         
000004e1  __aeabi_memclr                 
000004e1  __aeabi_memclr4                
000004e1  __aeabi_memclr8                
000004e3  __aeabi_memset                 
000004e3  __aeabi_memset4                
000004e3  __aeabi_memset8                
000004e9  memset                         
0000055b  __mpu_init                     
0000055d  __TI_auto_init                 
00000637  _system_post_cinit             
00000639  _c_int00                       
0000068d  C$$EXIT                        
00000691  abort                          
00000699  exit                           
000006e1  copy_in                        
0000072d  _args_main                     
00000745  _register_unlock               
0000074b  _register_lock                 
00000753  _nop                           
00000759  __TI_decompress_none           
00000767  ResetISR                       
00000773  __TI_decompress_rle24          
00000779  _system_pre_init               
000007a4  __TI_Handler_Table_Base        
000007ac  __TI_CINIT_Base                
000007ac  __TI_Handler_Table_Limit       
000007bc  __TI_CINIT_Limit               
20000000  __stack                        
20000200  __STACK_END                    
20000200  __STACK_TOP                    
20000200  __TI_cleanup_ptr               
20000204  __TI_dtors_ptr                 
20000208  __TI_enable_exit_profile_output
2000020c  _lock                          
20000210  _unlock                        
20000214  main_func_sp                   
20000218  cs_config                      
ffffffff  __TI_pprof_out_hndl            
ffffffff  __TI_prof_data_size            
ffffffff  __TI_prof_data_start           
ffffffff  __binit__                      
ffffffff  __c_args__                     
ffffffff  binit                          
UNDEFED   SHT$$INIT_ARRAY$$Base          
UNDEFED   SHT$$INIT_ARRAY$$Limit         

[58 symbols]
