******************************************************************************
                  TI ARM Linker PC v15.12.5                    
******************************************************************************
>> Linked Sat Aug 05 16:26:52 2017

OUTPUT FILE NAME:   <Tiva C SPI.out>
ENTRY POINT SYMBOL: "_c_int00"  address: 00003109


MEMORY CONFIGURATION

         name            origin    length      used     unused   attr    fill
----------------------  --------  ---------  --------  --------  ----  --------
  FLASH                 00000000   00040000  00003410  0003cbf0  R  X
  SRAM                  20000000   00008000  00000222  00007dde  RW X


SEGMENT ALLOCATION MAP

run origin  load origin   length   init length attrs members
----------  ----------- ---------- ----------- ----- -------
00000000    00000000    00003414   00003414    r-x
  00000000    00000000    0000026c   0000026c    r-- .intvecs
  0000026c    0000026c    00003160   00003160    r-x .text
  000033d0    000033d0    00000044   00000044    r-- .cinit
20000000    20000000    00000224   00000000    rw-
  20000000    20000000    00000200   00000000    rw- .stack
  20000200    20000200    0000001e   00000000    rw- .data
  20000220    20000220    00000004   00000000    rw- .bss


SECTION ALLOCATION MAP

 output                                  attributes/
section   page    origin      length       input sections
--------  ----  ----------  ----------   ----------------
.intvecs   0    00000000    0000026c     
                  00000000    0000026c     tm4c123gh6pm_startup_ccs.obj (.intvecs)

.text      0    0000026c    00003160     
                  0000026c    00000cd0     Synth_API_Console_Functions.obj (.text)
                  00000f3c    000007e8     main.obj (.text)
                  00001724    000006a0     Synth_API_SPI_Setup.obj (.text)
                  00001dc4    00000562     Synth_API_Control_Registers.obj (.text)
                  00002326    00000002     rtsv7M4_T_le_v4SPD16_eabi.lib : mpu_init.obj (.text)
                  00002328    00000470     Synth_API_Status_Registers.obj (.text)
                  00002798    000001b6     rtsv7M4_T_le_v4SPD16_eabi.lib : fd_add_t2.obj (.text)
                  0000294e    00000136                                   : fd_div_t2.obj (.text)
                  00002a84    000000fc                                   : fd_mul_t2.obj (.text)
                  00002b80    000000f8                                   : s_floor.obj (.text)
                  00002c78    000000c0                                   : s_round.obj (.text)
                  00002d38    0000009c                                   : memcpy_t2.obj (.text)
                  00002dd4    00000086                                   : fd_cmp_t2.obj (.text:__aeabi_cdcmple)
                  00002e5a    00000086                                   : fd_cmp_t2.obj (.text:__aeabi_cdrcmple)
                  00002ee0    0000007a                                   : memset_t2.obj (.text)
                  00002f5a    00000002                                   : startup.obj (.text)
                  00002f5c    00000074     Synth_API_Hibernation_Setup.obj (.text)
                  00002fd0    00000070     rtsv7M4_T_le_v4SPD16_eabi.lib : autoinit.obj (.text)
                  00003040    0000006a                                   : copy_decompress_rle.obj (.text)
                  000030aa    0000005c                                   : fd_toull_t2.obj (.text)
                  00003106    00000002     --HOLE-- [fill = 0]
                  00003108    00000054                                   : boot.obj (.text)
                  0000315c    00000054                                   : exit.obj (.text)
                  000031b0    0000004c                                   : cpy_tbl.obj (.text)
                  000031fc    00000048                                   : fd_toi_t2.obj (.text)
                  00003244    00000044                                   : fd_tou_t2.obj (.text)
                  00003288    0000002e                                   : i_tofd_t2.obj (.text)
                  000032b6    0000002c                                   : ull_tofd_t2.obj (.text)
                  000032e2    00000026                                   : strncmp.obj (.text)
                  00003308    00000020                                   : u_tofd_t2.obj (.text)
                  00003328    00000018     driverlib.lib : hibernate.obj (.text:HibernateGPIORetentionEnable)
                  00003340    00000018     rtsv7M4_T_le_v4SPD16_eabi.lib : args_main.obj (.text)
                  00003358    00000018                                   : ll_mul_t2.obj (.text)
                  00003370    00000014                                   : _lock.obj (.text)
                  00003384    00000012     Synth_API_Preface_Registers.obj (.text)
                  00003396    00000002     --HOLE-- [fill = 0]
                  00003398    00000010     driverlib.lib : hibernate.obj (.text:_HibernateWriteComplete)
                  000033a8    0000000e     rtsv7M4_T_le_v4SPD16_eabi.lib : copy_decompress_none.obj (.text:decompress:none)
                  000033b6    0000000c     tm4c123gh6pm_startup_ccs.obj (.text)
                  000033c2    00000006     rtsv7M4_T_le_v4SPD16_eabi.lib : copy_decompress_rle.obj (.text:decompress:rle24)
                  000033c8    00000004                                   : pre_init.obj (.text)

.cinit     0    000033d0    00000044     
                  000033d0    0000001c     (.cinit..data.load) [load image, compression = rle]
                  000033ec    00000004     --HOLE-- [fill = 0]
                  000033f0    00000009     (.cinit..bss.load) [load image, compression = rle]
                  000033f9    00000003     --HOLE-- [fill = 0]
                  000033fc    00000008     (__TI_handler_table)
                  00003404    00000010     (__TI_cinit_table)

.init_array 
*          0    00000000    00000000     UNINITIALIZED

.stack     0    20000000    00000200     UNINITIALIZED
                  20000000    00000200     --HOLE--

.data      0    20000200    0000001e     UNINITIALIZED
                  20000200    0000000c     rtsv7M4_T_le_v4SPD16_eabi.lib : exit.obj (.data:$O1$$)
                  2000020c    00000008                                   : _lock.obj (.data:$O1$$)
                  20000214    00000004                                   : stkdepth_vars.obj (.data)
                  20000218    00000003     main.obj (.data:new_line)
                  2000021b    00000003     Synth_API_Status_Registers.obj (.data:newline)

.bss       0    20000220    00000004     UNINITIALIZED
                  20000220    00000004     (.common:cs_config)

MODULE SUMMARY

       Module                            code    ro data   rw data
       ------                            ----    -------   -------
    .\
       Synth_API_Console_Functions.obj   3280    0         0      
       main.obj                          2024    0         3      
       Synth_API_SPI_Setup.obj           1696    0         4      
       Synth_API_Control_Registers.obj   1378    0         0      
       Synth_API_Status_Registers.obj    1136    0         3      
       tm4c123gh6pm_startup_ccs.obj      12      620       0      
       Synth_API_Hibernation_Setup.obj   116     0         0      
       Synth_API_Preface_Registers.obj   18      0         0      
    +--+---------------------------------+-------+---------+---------+
       Total:                            9660    620       10     
                                                                  
    C:/ti/TivaWare_C_Series-2.1.4.178/driverlib/ccs/Debug/driverlib.lib
       hibernate.obj                     40      0         0      
    +--+---------------------------------+-------+---------+---------+
       Total:                            40      0         0      
                                                                  
    C:\ti\ccsv6\tools\compiler\ti-cgt-arm_15.12.5.LTS\lib\rtsv7M4_T_le_v4SPD16_eabi.lib
       fd_add_t2.obj                     438     0         0      
       fd_div_t2.obj                     310     0         0      
       fd_cmp_t2.obj                     268     0         0      
       fd_mul_t2.obj                     252     0         0      
       s_floor.obj                       248     0         0      
       s_round.obj                       192     0         0      
       memcpy_t2.obj                     156     0         0      
       memset_t2.obj                     122     0         0      
       autoinit.obj                      112     0         0      
       copy_decompress_rle.obj           112     0         0      
       exit.obj                          84      0         12     
       fd_toull_t2.obj                   92      0         0      
       boot.obj                          84      0         0      
       cpy_tbl.obj                       76      0         0      
       fd_toi_t2.obj                     72      0         0      
       fd_tou_t2.obj                     68      0         0      
       i_tofd_t2.obj                     46      0         0      
       ull_tofd_t2.obj                   44      0         0      
       strncmp.obj                       38      0         0      
       u_tofd_t2.obj                     32      0         0      
       _lock.obj                         20      0         8      
       args_main.obj                     24      0         0      
       ll_mul_t2.obj                     24      0         0      
       copy_decompress_none.obj          14      0         0      
       pre_init.obj                      4       0         0      
       stkdepth_vars.obj                 0       0         4      
       mpu_init.obj                      2       0         0      
       startup.obj                       2       0         0      
    +--+---------------------------------+-------+---------+---------+
       Total:                            2936    0         24     
                                                                  
       Stack:                            0       0         512    
       Linker Generated:                 0       61        0      
    +--+---------------------------------+-------+---------+---------+
       Grand Total:                      12636   681       546    


LINKER GENERATED COPY TABLES

__TI_cinit_table @ 00003404 records: 2, size/record: 8, table size: 16
	.data: load addr=000033d0, load size=0000001c bytes, run addr=20000200, run size=0000001e bytes, compression=rle
	.bss: load addr=000033f0, load size=00000009 bytes, run addr=20000220, run size=00000004 bytes, compression=rle


LINKER GENERATED HANDLER TABLE

__TI_handler_table @ 000033fc records: 2, size/record: 4, table size: 8
	index: 0, handler: __TI_decompress_rle24
	index: 1, handler: __TI_decompress_none


GLOBAL SYMBOLS: SORTED ALPHABETICALLY BY Name 

address   name                            
-------   ----                            
0000315d  C$$EXIT                         
00001fa7  CalibrationControl              
00000415  ConvertStringToBleederCurrent   
00000887  ConvertStringToBool             
00000461  ConvertStringToChargePumpCurrent
000008d5  ConvertStringToFloat            
0000065d  ConvertStringToFrequency        
00000c1d  ConvertStringToNumber           
00000545  ConvertStringToPowerSetting     
00000a7f  ConvertUserStringToFloat        
00001b91  Create24BitWord                 
00001b19  DetermineFeedbackValues         
00001a09  FixedPointMaximizeMOD           
000018c7  FixedPointMinimizeMOD           
00000777  GenerateFrequencyRatio          
00001c91  GetRegisterValue                
00003329  HibernateGPIORetentionEnable    
00002329  ReadFromStatusRegisters         
000033b7  ResetISR                        
UNDEFED   SHT$$INIT_ARRAY$$Base           
UNDEFED   SHT$$INIT_ARRAY$$Limit          
00002023  SetBandSelectClockDivider       
0000230f  SetCalibrationVoltage           
00001dc5  SetFeedbackControlValues        
00001eb7  SetPhaseAdjustment              
000021b3  SetupChargePump                 
000020c5  SetupInputControlRegisters      
00002061  SetupLockDetect                 
00002231  SetupOutputControl              
0000182b  SplitNumber_16Bit               
0000186d  SplitNumber_32Bit               
20000200  __STACK_END                     
00000200  __STACK_SIZE                    
20000200  __STACK_TOP                     
00003404  __TI_CINIT_Base                 
00003414  __TI_CINIT_Limit                
000033fc  __TI_Handler_Table_Base         
00003404  __TI_Handler_Table_Limit        
00002fd1  __TI_auto_init                  
20000200  __TI_cleanup_ptr                
000033a9  __TI_decompress_none            
000033c3  __TI_decompress_rle24           
20000204  __TI_dtors_ptr                  
20000208  __TI_enable_exit_profile_output 
ffffffff  __TI_pprof_out_hndl             
ffffffff  __TI_prof_data_size             
ffffffff  __TI_prof_data_start            
00000000  __TI_static_base__              
00002dd5  __aeabi_cdcmpeq                 
00002dd5  __aeabi_cdcmple                 
00002e5b  __aeabi_cdrcmple                
000031fd  __aeabi_d2iz                    
00003245  __aeabi_d2uiz                   
000030ab  __aeabi_d2ulz                   
000027a3  __aeabi_dadd                    
0000294f  __aeabi_ddiv                    
00002a85  __aeabi_dmul                    
00002799  __aeabi_dsub                    
00003289  __aeabi_i2d                     
00003359  __aeabi_lmul                    
00002ee1  __aeabi_memclr                  
00002ee1  __aeabi_memclr4                 
00002ee1  __aeabi_memclr8                 
00002d39  __aeabi_memcpy                  
00002d39  __aeabi_memcpy4                 
00002d39  __aeabi_memcpy8                 
00002ee3  __aeabi_memset                  
00002ee3  __aeabi_memset4                 
00002ee3  __aeabi_memset8                 
00003309  __aeabi_ui2d                    
000032b7  __aeabi_ul2d                    
ffffffff  __binit__                       
ffffffff  __c_args__                      
00002327  __mpu_init                      
20000000  __stack                         
00003341  _args_main                      
00003109  _c_int00                        
2000020c  _lock                           
0000337f  _nop                            
00003377  _register_lock                  
00003371  _register_unlock                
00002f5b  _system_post_cinit              
000033c9  _system_pre_init                
20000210  _unlock                         
00003161  abort                           
ffffffff  binit                           
000002db  clearArray                      
00001f1b  controlDSM                      
000031b1  copy_in                         
20000220  cs_config                       
00003169  exit                            
00002b81  floor                           
00002b81  floorl                          
00000000  g_pfnVectors                    
0000030b  getString                       
0000026d  initConsole                     
00002f5d  initHibernationModule           
00003385  initPrefaceRegisters            
00000f3d  main                            
20000214  main_func_sp                    
00002d39  memcpy                          
00002ee9  memset                          
20000218  new_line                        
2000021b  newline                         
0000037b  parseString                     
00000d19  printFloat                      
00000d93  printInt                        
00000e39  printSingleNumber               
000003e7  printString                     
00001cc1  readWord_24Bit                  
00002c79  round                           
00002c79  roundl                          
00001bb9  sendWord_24Bit                  
00002219  setVcoResolution                
00001735  setupChipSelect                 
00001725  setupClock                      
0000178d  setupSPI_8Bit                   
000032e3  strncmp                         


GLOBAL SYMBOLS: SORTED BY Symbol Address 

address   name                            
-------   ----                            
00000000  __TI_static_base__              
00000000  g_pfnVectors                    
00000200  __STACK_SIZE                    
0000026d  initConsole                     
000002db  clearArray                      
0000030b  getString                       
0000037b  parseString                     
000003e7  printString                     
00000415  ConvertStringToBleederCurrent   
00000461  ConvertStringToChargePumpCurrent
00000545  ConvertStringToPowerSetting     
0000065d  ConvertStringToFrequency        
00000777  GenerateFrequencyRatio          
00000887  ConvertStringToBool             
000008d5  ConvertStringToFloat            
00000a7f  ConvertUserStringToFloat        
00000c1d  ConvertStringToNumber           
00000d19  printFloat                      
00000d93  printInt                        
00000e39  printSingleNumber               
00000f3d  main                            
00001725  setupClock                      
00001735  setupChipSelect                 
0000178d  setupSPI_8Bit                   
0000182b  SplitNumber_16Bit               
0000186d  SplitNumber_32Bit               
000018c7  FixedPointMinimizeMOD           
00001a09  FixedPointMaximizeMOD           
00001b19  DetermineFeedbackValues         
00001b91  Create24BitWord                 
00001bb9  sendWord_24Bit                  
00001c91  GetRegisterValue                
00001cc1  readWord_24Bit                  
00001dc5  SetFeedbackControlValues        
00001eb7  SetPhaseAdjustment              
00001f1b  controlDSM                      
00001fa7  CalibrationControl              
00002023  SetBandSelectClockDivider       
00002061  SetupLockDetect                 
000020c5  SetupInputControlRegisters      
000021b3  SetupChargePump                 
00002219  setVcoResolution                
00002231  SetupOutputControl              
0000230f  SetCalibrationVoltage           
00002327  __mpu_init                      
00002329  ReadFromStatusRegisters         
00002799  __aeabi_dsub                    
000027a3  __aeabi_dadd                    
0000294f  __aeabi_ddiv                    
00002a85  __aeabi_dmul                    
00002b81  floor                           
00002b81  floorl                          
00002c79  round                           
00002c79  roundl                          
00002d39  __aeabi_memcpy                  
00002d39  __aeabi_memcpy4                 
00002d39  __aeabi_memcpy8                 
00002d39  memcpy                          
00002dd5  __aeabi_cdcmpeq                 
00002dd5  __aeabi_cdcmple                 
00002e5b  __aeabi_cdrcmple                
00002ee1  __aeabi_memclr                  
00002ee1  __aeabi_memclr4                 
00002ee1  __aeabi_memclr8                 
00002ee3  __aeabi_memset                  
00002ee3  __aeabi_memset4                 
00002ee3  __aeabi_memset8                 
00002ee9  memset                          
00002f5b  _system_post_cinit              
00002f5d  initHibernationModule           
00002fd1  __TI_auto_init                  
000030ab  __aeabi_d2ulz                   
00003109  _c_int00                        
0000315d  C$$EXIT                         
00003161  abort                           
00003169  exit                            
000031b1  copy_in                         
000031fd  __aeabi_d2iz                    
00003245  __aeabi_d2uiz                   
00003289  __aeabi_i2d                     
000032b7  __aeabi_ul2d                    
000032e3  strncmp                         
00003309  __aeabi_ui2d                    
00003329  HibernateGPIORetentionEnable    
00003341  _args_main                      
00003359  __aeabi_lmul                    
00003371  _register_unlock                
00003377  _register_lock                  
0000337f  _nop                            
00003385  initPrefaceRegisters            
000033a9  __TI_decompress_none            
000033b7  ResetISR                        
000033c3  __TI_decompress_rle24           
000033c9  _system_pre_init                
000033fc  __TI_Handler_Table_Base         
00003404  __TI_CINIT_Base                 
00003404  __TI_Handler_Table_Limit        
00003414  __TI_CINIT_Limit                
20000000  __stack                         
20000200  __STACK_END                     
20000200  __STACK_TOP                     
20000200  __TI_cleanup_ptr                
20000204  __TI_dtors_ptr                  
20000208  __TI_enable_exit_profile_output 
2000020c  _lock                           
20000210  _unlock                         
20000214  main_func_sp                    
20000218  new_line                        
2000021b  newline                         
20000220  cs_config                       
ffffffff  __TI_pprof_out_hndl             
ffffffff  __TI_prof_data_size             
ffffffff  __TI_prof_data_start            
ffffffff  __binit__                       
ffffffff  __c_args__                      
ffffffff  binit                           
UNDEFED   SHT$$INIT_ARRAY$$Base           
UNDEFED   SHT$$INIT_ARRAY$$Limit          

[118 symbols]
