******************************************************************************
                  TI ARM Linker PC v15.12.5                    
******************************************************************************
>> Linked Mon Jul 03 13:30:57 2017

OUTPUT FILE NAME:   <Tiva C SPI.out>
ENTRY POINT SYMBOL: "_c_int00"  address: 00000665


MEMORY CONFIGURATION

         name            origin    length      used     unused   attr    fill
----------------------  --------  ---------  --------  --------  ----  --------
  FLASH                 00000000   00040000  000007e4  0003f81c  R  X
  SRAM                  20000000   00008000  0000021c  00007de4  RW X


SEGMENT ALLOCATION MAP

run origin  load origin   length   init length attrs members
----------  ----------- ---------- ----------- ----- -------
00000000    00000000    000007e4   000007e4    r-x
  00000000    00000000    0000026c   0000026c    r-- .intvecs
  0000026c    0000026c    0000053c   0000053c    r-x .text
  000007a8    000007a8    0000003c   0000003c    r-- .cinit
20000000    20000000    0000021c   00000000    rw-
  20000000    20000000    00000200   00000000    rw- .stack
  20000200    20000200    00000018   00000000    rw- .data
  20000218    20000218    00000004   00000000    rw- .bss


SECTION ALLOCATION MAP

 output                                  attributes/
section   page    origin      length       input sections
--------  ----  ----------  ----------   ----------------
.intvecs   0    00000000    0000026c     
                  00000000    0000026c     tm4c123gh6pm_startup_ccs.obj (.intvecs)

.text      0    0000026c    0000053c     
                  0000026c    00000204     main.obj (.text)
                  00000470    0000009c     rtsv7M4_T_le_v4SPD16_eabi.lib : memcpy_t2.obj (.text)
                  0000050c    0000007a                                   : memset_t2.obj (.text)
                  00000586    00000002                                   : mpu_init.obj (.text)
                  00000588    00000070                                   : autoinit.obj (.text)
                  000005f8    0000006a                                   : copy_decompress_rle.obj (.text)
                  00000662    00000002                                   : startup.obj (.text)
                  00000664    00000054                                   : boot.obj (.text)
                  000006b8    00000054                                   : exit.obj (.text)
                  0000070c    0000004c                                   : cpy_tbl.obj (.text)
                  00000758    00000018                                   : args_main.obj (.text)
                  00000770    00000014                                   : _lock.obj (.text)
                  00000784    0000000e                                   : copy_decompress_none.obj (.text:decompress:none)
                  00000792    0000000c     tm4c123gh6pm_startup_ccs.obj (.text)
                  0000079e    00000006     rtsv7M4_T_le_v4SPD16_eabi.lib : copy_decompress_rle.obj (.text:decompress:rle24)
                  000007a4    00000004                                   : pre_init.obj (.text)

.cinit     0    000007a8    0000003c     
                  000007a8    00000016     (.cinit..data.load) [load image, compression = rle]
                  000007be    00000002     --HOLE-- [fill = 0]
                  000007c0    00000009     (.cinit..bss.load) [load image, compression = rle]
                  000007c9    00000003     --HOLE-- [fill = 0]
                  000007cc    00000008     (__TI_handler_table)
                  000007d4    00000010     (__TI_cinit_table)

.init_array 
*          0    00000000    00000000     UNINITIALIZED

.stack     0    20000000    00000200     UNINITIALIZED
                  20000000    00000200     --HOLE--

.data      0    20000200    00000018     UNINITIALIZED
                  20000200    0000000c     rtsv7M4_T_le_v4SPD16_eabi.lib : exit.obj (.data:$O1$$)
                  2000020c    00000008                                   : _lock.obj (.data:$O1$$)
                  20000214    00000004                                   : stkdepth_vars.obj (.data)

.bss       0    20000218    00000004     UNINITIALIZED
                  20000218    00000004     (.common:cs_config)

MODULE SUMMARY

       Module                         code   ro data   rw data
       ------                         ----   -------   -------
    .\
       tm4c123gh6pm_startup_ccs.obj   12     620       0      
       main.obj                       516    0         4      
    +--+------------------------------+------+---------+---------+
       Total:                         528    620       4      
                                                              
    C:\ti\ccsv6\tools\compiler\ti-cgt-arm_15.12.5.LTS\lib\rtsv7M4_T_le_v4SPD16_eabi.lib
       memcpy_t2.obj                  156    0         0      
       memset_t2.obj                  122    0         0      
       autoinit.obj                   112    0         0      
       copy_decompress_rle.obj        112    0         0      
       exit.obj                       84     0         12     
       boot.obj                       84     0         0      
       cpy_tbl.obj                    76     0         0      
       _lock.obj                      20     0         8      
       args_main.obj                  24     0         0      
       copy_decompress_none.obj       14     0         0      
       pre_init.obj                   4      0         0      
       stkdepth_vars.obj              0      0         4      
       mpu_init.obj                   2      0         0      
       startup.obj                    2      0         0      
    +--+------------------------------+------+---------+---------+
       Total:                         812    0         24     
                                                              
       Stack:                         0      0         512    
       Linker Generated:              0      55        0      
    +--+------------------------------+------+---------+---------+
       Grand Total:                   1340   675       540    


LINKER GENERATED COPY TABLES

__TI_cinit_table @ 000007d4 records: 2, size/record: 8, table size: 16
	.data: load addr=000007a8, load size=00000016 bytes, run addr=20000200, run size=00000018 bytes, compression=rle
	.bss: load addr=000007c0, load size=00000009 bytes, run addr=20000218, run size=00000004 bytes, compression=rle


LINKER GENERATED HANDLER TABLE

__TI_handler_table @ 000007cc records: 2, size/record: 4, table size: 8
	index: 0, handler: __TI_decompress_rle24
	index: 1, handler: __TI_decompress_none


GLOBAL SYMBOLS: SORTED ALPHABETICALLY BY Name 

address   name                           
-------   ----                           
000006b9  C$$EXIT                        
00000793  ResetISR                       
UNDEFED   SHT$$INIT_ARRAY$$Base          
UNDEFED   SHT$$INIT_ARRAY$$Limit         
20000200  __STACK_END                    
00000200  __STACK_SIZE                   
20000200  __STACK_TOP                    
000007d4  __TI_CINIT_Base                
000007e4  __TI_CINIT_Limit               
000007cc  __TI_Handler_Table_Base        
000007d4  __TI_Handler_Table_Limit       
00000589  __TI_auto_init                 
20000200  __TI_cleanup_ptr               
00000785  __TI_decompress_none           
0000079f  __TI_decompress_rle24          
20000204  __TI_dtors_ptr                 
20000208  __TI_enable_exit_profile_output
ffffffff  __TI_pprof_out_hndl            
ffffffff  __TI_prof_data_size            
ffffffff  __TI_prof_data_start           
00000000  __TI_static_base__             
0000050d  __aeabi_memclr                 
0000050d  __aeabi_memclr4                
0000050d  __aeabi_memclr8                
00000471  __aeabi_memcpy                 
00000471  __aeabi_memcpy4                
00000471  __aeabi_memcpy8                
0000050f  __aeabi_memset                 
0000050f  __aeabi_memset4                
0000050f  __aeabi_memset8                
ffffffff  __binit__                      
ffffffff  __c_args__                     
00000587  __mpu_init                     
20000000  __stack                        
00000759  _args_main                     
00000665  _c_int00                       
2000020c  _lock                          
0000077f  _nop                           
00000777  _register_lock                 
00000771  _register_unlock               
00000663  _system_post_cinit             
000007a5  _system_pre_init               
20000210  _unlock                        
000006bd  abort                          
ffffffff  binit                          
0000070d  copy_in                        
20000218  cs_config                      
000006c5  exit                           
00000000  g_pfnVectors                   
0000026d  main                           
20000214  main_func_sp                   
00000471  memcpy                         
00000515  memset                         
000002f3  sendWord                       
0000029b  setupChipSelect                
0000028b  setupClock                     
000003a5  setupSPI                       


GLOBAL SYMBOLS: SORTED BY Symbol Address 

address   name                           
-------   ----                           
00000000  __TI_static_base__             
00000000  g_pfnVectors                   
00000200  __STACK_SIZE                   
0000026d  main                           
0000028b  setupClock                     
0000029b  setupChipSelect                
000002f3  sendWord                       
000003a5  setupSPI                       
00000471  __aeabi_memcpy                 
00000471  __aeabi_memcpy4                
00000471  __aeabi_memcpy8                
00000471  memcpy                         
0000050d  __aeabi_memclr                 
0000050d  __aeabi_memclr4                
0000050d  __aeabi_memclr8                
0000050f  __aeabi_memset                 
0000050f  __aeabi_memset4                
0000050f  __aeabi_memset8                
00000515  memset                         
00000587  __mpu_init                     
00000589  __TI_auto_init                 
00000663  _system_post_cinit             
00000665  _c_int00                       
000006b9  C$$EXIT                        
000006bd  abort                          
000006c5  exit                           
0000070d  copy_in                        
00000759  _args_main                     
00000771  _register_unlock               
00000777  _register_lock                 
0000077f  _nop                           
00000785  __TI_decompress_none           
00000793  ResetISR                       
0000079f  __TI_decompress_rle24          
000007a5  _system_pre_init               
000007cc  __TI_Handler_Table_Base        
000007d4  __TI_CINIT_Base                
000007d4  __TI_Handler_Table_Limit       
000007e4  __TI_CINIT_Limit               
20000000  __stack                        
20000200  __STACK_END                    
20000200  __STACK_TOP                    
20000200  __TI_cleanup_ptr               
20000204  __TI_dtors_ptr                 
20000208  __TI_enable_exit_profile_output
2000020c  _lock                          
20000210  _unlock                        
20000214  main_func_sp                   
20000218  cs_config                      
ffffffff  __TI_pprof_out_hndl            
ffffffff  __TI_prof_data_size            
ffffffff  __TI_prof_data_start           
ffffffff  __binit__                      
ffffffff  __c_args__                     
ffffffff  binit                          
UNDEFED   SHT$$INIT_ARRAY$$Base          
UNDEFED   SHT$$INIT_ARRAY$$Limit         

[57 symbols]
