******************************************************************************
                  TI ARM Linker PC v15.12.5                    
******************************************************************************
>> Linked Wed Jul 26 15:07:43 2017

OUTPUT FILE NAME:   <Tiva C SPI.out>
ENTRY POINT SYMBOL: "_c_int00"  address: 000014c1


MEMORY CONFIGURATION

         name            origin    length      used     unused   attr    fill
----------------------  --------  ---------  --------  --------  ----  --------
  FLASH                 00000000   00040000  00001780  0003e880  R  X
  SRAM                  20000000   00008000  0000021f  00007de1  RW X


SEGMENT ALLOCATION MAP

run origin  load origin   length   init length attrs members
----------  ----------- ---------- ----------- ----- -------
00000000    00000000    00001784   00001784    r-x
  00000000    00000000    0000026c   0000026c    r-- .intvecs
  0000026c    0000026c    000014d0   000014d0    r-x .text
  00001740    00001740    00000044   00000044    r-- .cinit
20000000    20000000    00000220   00000000    rw-
  20000000    20000000    00000200   00000000    rw- .stack
  20000200    20000200    0000001b   00000000    rw- .data
  2000021c    2000021c    00000004   00000000    rw- .bss


SECTION ALLOCATION MAP

 output                                  attributes/
section   page    origin      length       input sections
--------  ----  ----------  ----------   ----------------
.intvecs   0    00000000    0000026c     
                  00000000    0000026c     tm4c123gh6pm_startup_ccs.obj (.intvecs)

.text      0    0000026c    000014d0     
                  0000026c    00000674     Synth_API_Console_Functions.obj (.text)
                  000008e0    00000528     Synth_API_SPI_Setup.obj (.text)
                  00000e08    000001b6     rtsv7M4_T_le_v4SPD16_eabi.lib : fd_add_t2.obj (.text)
                  00000fbe    00000002                                   : mpu_init.obj (.text)
                  00000fc0    0000018c     main.obj (.text)
                  0000114c    000000fc     rtsv7M4_T_le_v4SPD16_eabi.lib : fd_mul_t2.obj (.text)
                  00001248    0000009c                                   : memcpy_t2.obj (.text)
                  000012e4    00000086                                   : fd_cmp_t2.obj (.text:__aeabi_cdcmple)
                  0000136a    0000007a                                   : memset_t2.obj (.text)
                  000013e4    00000070                                   : autoinit.obj (.text)
                  00001454    0000006a                                   : copy_decompress_rle.obj (.text)
                  000014be    00000002                                   : startup.obj (.text)
                  000014c0    00000054                                   : boot.obj (.text)
                  00001514    00000054                                   : exit.obj (.text)
                  00001568    0000004c                                   : cpy_tbl.obj (.text)
                  000015b4    00000048                                   : fd_toi_t2.obj (.text)
                  000015fc    00000044                                   : fd_tou_t2.obj (.text)
                  00001640    00000038                                   : fs_tod_t2.obj (.text)
                  00001678    0000002e                                   : i_tofd_t2.obj (.text)
                  000016a6    00000026                                   : strncmp.obj (.text)
                  000016cc    00000020                                   : u_tofd_t2.obj (.text)
                  000016ec    00000018                                   : args_main.obj (.text)
                  00001704    00000014                                   : _lock.obj (.text)
                  00001718    0000000e                                   : copy_decompress_none.obj (.text:decompress:none)
                  00001726    0000000c     tm4c123gh6pm_startup_ccs.obj (.text)
                  00001732    00000006     rtsv7M4_T_le_v4SPD16_eabi.lib : copy_decompress_rle.obj (.text:decompress:rle24)
                  00001738    00000004                                   : pre_init.obj (.text)

.cinit     0    00001740    00000044     
                  00001740    00000019     (.cinit..data.load) [load image, compression = rle]
                  00001759    00000007     --HOLE-- [fill = 0]
                  00001760    00000009     (.cinit..bss.load) [load image, compression = rle]
                  00001769    00000003     --HOLE-- [fill = 0]
                  0000176c    00000008     (__TI_handler_table)
                  00001774    00000010     (__TI_cinit_table)

.init_array 
*          0    00000000    00000000     UNINITIALIZED

.stack     0    20000000    00000200     UNINITIALIZED
                  20000000    00000200     --HOLE--

.data      0    20000200    0000001b     UNINITIALIZED
                  20000200    0000000c     rtsv7M4_T_le_v4SPD16_eabi.lib : exit.obj (.data:$O1$$)
                  2000020c    00000008                                   : _lock.obj (.data:$O1$$)
                  20000214    00000004                                   : stkdepth_vars.obj (.data)
                  20000218    00000003     main.obj (.data:new_line)

.bss       0    2000021c    00000004     UNINITIALIZED
                  2000021c    00000004     (.common:cs_config)

MODULE SUMMARY

       Module                            code   ro data   rw data
       ------                            ----   -------   -------
    .\
       Synth_API_Console_Functions.obj   1652   0         0      
       Synth_API_SPI_Setup.obj           1320   0         4      
       tm4c123gh6pm_startup_ccs.obj      12     620       0      
       main.obj                          396    0         3      
    +--+---------------------------------+------+---------+---------+
       Total:                            3380   620       7      
                                                                 
    C:\ti\ccsv6\tools\compiler\ti-cgt-arm_15.12.5.LTS\lib\rtsv7M4_T_le_v4SPD16_eabi.lib
       fd_add_t2.obj                     438    0         0      
       fd_mul_t2.obj                     252    0         0      
       memcpy_t2.obj                     156    0         0      
       fd_cmp_t2.obj                     134    0         0      
       memset_t2.obj                     122    0         0      
       autoinit.obj                      112    0         0      
       copy_decompress_rle.obj           112    0         0      
       exit.obj                          84     0         12     
       boot.obj                          84     0         0      
       cpy_tbl.obj                       76     0         0      
       fd_toi_t2.obj                     72     0         0      
       fd_tou_t2.obj                     68     0         0      
       fs_tod_t2.obj                     56     0         0      
       i_tofd_t2.obj                     46     0         0      
       strncmp.obj                       38     0         0      
       u_tofd_t2.obj                     32     0         0      
       _lock.obj                         20     0         8      
       args_main.obj                     24     0         0      
       copy_decompress_none.obj          14     0         0      
       pre_init.obj                      4      0         0      
       stkdepth_vars.obj                 0      0         4      
       mpu_init.obj                      2      0         0      
       startup.obj                       2      0         0      
    +--+---------------------------------+------+---------+---------+
       Total:                            1948   0         24     
                                                                 
       Stack:                            0      0         512    
       Linker Generated:                 0      58        0      
    +--+---------------------------------+------+---------+---------+
       Grand Total:                      5328   678       543    


LINKER GENERATED COPY TABLES

__TI_cinit_table @ 00001774 records: 2, size/record: 8, table size: 16
	.data: load addr=00001740, load size=00000019 bytes, run addr=20000200, run size=0000001b bytes, compression=rle
	.bss: load addr=00001760, load size=00000009 bytes, run addr=2000021c, run size=00000004 bytes, compression=rle


LINKER GENERATED HANDLER TABLE

__TI_handler_table @ 0000176c records: 2, size/record: 4, table size: 8
	index: 0, handler: __TI_decompress_rle24
	index: 1, handler: __TI_decompress_none


GLOBAL SYMBOLS: SORTED ALPHABETICALLY BY Name 

address   name                           
-------   ----                           
00001515  C$$EXIT                        
00000439  ConvertStringToFloat           
000005d5  ConvertStringToNumber          
00000ba7  Create24BitWord                
00001063  DetermineFeedbackValues        
00000cbd  GetRegisterValue               
0000026d  InitConsole                    
00000a83  MaximizeMOD                    
00000b15  MinimizeMOD                    
00001727  ResetISR                       
UNDEFED   SHT$$INIT_ARRAY$$Base          
UNDEFED   SHT$$INIT_ARRAY$$Limit         
000009e7  SplitNumber_16Bit              
00000a29  SplitNumber_32Bit              
20000200  __STACK_END                    
00000200  __STACK_SIZE                   
20000200  __STACK_TOP                    
00001774  __TI_CINIT_Base                
00001784  __TI_CINIT_Limit               
0000176c  __TI_Handler_Table_Base        
00001774  __TI_Handler_Table_Limit       
000013e5  __TI_auto_init                 
20000200  __TI_cleanup_ptr               
00001719  __TI_decompress_none           
00001733  __TI_decompress_rle24          
20000204  __TI_dtors_ptr                 
20000208  __TI_enable_exit_profile_output
ffffffff  __TI_pprof_out_hndl            
ffffffff  __TI_prof_data_size            
ffffffff  __TI_prof_data_start           
00000000  __TI_static_base__             
000012e5  __aeabi_cdcmpeq                
000012e5  __aeabi_cdcmple                
000015b5  __aeabi_d2iz                   
000015fd  __aeabi_d2uiz                  
00000e13  __aeabi_dadd                   
0000114d  __aeabi_dmul                   
00000e09  __aeabi_dsub                   
00001641  __aeabi_f2d                    
00001679  __aeabi_i2d                    
0000136b  __aeabi_memclr                 
0000136b  __aeabi_memclr4                
0000136b  __aeabi_memclr8                
00001249  __aeabi_memcpy                 
00001249  __aeabi_memcpy4                
00001249  __aeabi_memcpy8                
0000136d  __aeabi_memset                 
0000136d  __aeabi_memset4                
0000136d  __aeabi_memset8                
000016cd  __aeabi_ui2d                   
ffffffff  __binit__                      
ffffffff  __c_args__                     
00000fbf  __mpu_init                     
20000000  __stack                        
000016ed  _args_main                     
000014c1  _c_int00                       
2000020c  _lock                          
00001713  _nop                           
0000170b  _register_lock                 
00001705  _register_unlock               
000014bf  _system_post_cinit             
00001739  _system_pre_init               
20000210  _unlock                        
00001519  abort                          
ffffffff  binit                          
000002db  clearArray                     
00001569  copy_in                        
2000021c  cs_config                      
00001521  exit                           
00000000  g_pfnVectors                   
0000030b  getString                      
00000fc1  main                           
20000214  main_func_sp                   
00001249  memcpy                         
00001373  memset                         
20000218  new_line                       
0000034b  parseString                    
000006c5  printFloat                     
0000073f  printInt                       
000007dd  printSingleNumber              
000003b7  printString                    
00000cfd  readWord_24Bit                 
00000be1  sendWord_24Bit                 
000008f1  setupChipSelect                
000008e1  setupClock                     
00000949  setupSPI_8Bit                  
000016a7  strncmp                        


GLOBAL SYMBOLS: SORTED BY Symbol Address 

address   name                           
-------   ----                           
00000000  __TI_static_base__             
00000000  g_pfnVectors                   
00000200  __STACK_SIZE                   
0000026d  InitConsole                    
000002db  clearArray                     
0000030b  getString                      
0000034b  parseString                    
000003b7  printString                    
00000439  ConvertStringToFloat           
000005d5  ConvertStringToNumber          
000006c5  printFloat                     
0000073f  printInt                       
000007dd  printSingleNumber              
000008e1  setupClock                     
000008f1  setupChipSelect                
00000949  setupSPI_8Bit                  
000009e7  SplitNumber_16Bit              
00000a29  SplitNumber_32Bit              
00000a83  MaximizeMOD                    
00000b15  MinimizeMOD                    
00000ba7  Create24BitWord                
00000be1  sendWord_24Bit                 
00000cbd  GetRegisterValue               
00000cfd  readWord_24Bit                 
00000e09  __aeabi_dsub                   
00000e13  __aeabi_dadd                   
00000fbf  __mpu_init                     
00000fc1  main                           
00001063  DetermineFeedbackValues        
0000114d  __aeabi_dmul                   
00001249  __aeabi_memcpy                 
00001249  __aeabi_memcpy4                
00001249  __aeabi_memcpy8                
00001249  memcpy                         
000012e5  __aeabi_cdcmpeq                
000012e5  __aeabi_cdcmple                
0000136b  __aeabi_memclr                 
0000136b  __aeabi_memclr4                
0000136b  __aeabi_memclr8                
0000136d  __aeabi_memset                 
0000136d  __aeabi_memset4                
0000136d  __aeabi_memset8                
00001373  memset                         
000013e5  __TI_auto_init                 
000014bf  _system_post_cinit             
000014c1  _c_int00                       
00001515  C$$EXIT                        
00001519  abort                          
00001521  exit                           
00001569  copy_in                        
000015b5  __aeabi_d2iz                   
000015fd  __aeabi_d2uiz                  
00001641  __aeabi_f2d                    
00001679  __aeabi_i2d                    
000016a7  strncmp                        
000016cd  __aeabi_ui2d                   
000016ed  _args_main                     
00001705  _register_unlock               
0000170b  _register_lock                 
00001713  _nop                           
00001719  __TI_decompress_none           
00001727  ResetISR                       
00001733  __TI_decompress_rle24          
00001739  _system_pre_init               
0000176c  __TI_Handler_Table_Base        
00001774  __TI_CINIT_Base                
00001774  __TI_Handler_Table_Limit       
00001784  __TI_CINIT_Limit               
20000000  __stack                        
20000200  __STACK_END                    
20000200  __STACK_TOP                    
20000200  __TI_cleanup_ptr               
20000204  __TI_dtors_ptr                 
20000208  __TI_enable_exit_profile_output
2000020c  _lock                          
20000210  _unlock                        
20000214  main_func_sp                   
20000218  new_line                       
2000021c  cs_config                      
ffffffff  __TI_pprof_out_hndl            
ffffffff  __TI_prof_data_size            
ffffffff  __TI_prof_data_start           
ffffffff  __binit__                      
ffffffff  __c_args__                     
ffffffff  binit                          
UNDEFED   SHT$$INIT_ARRAY$$Base          
UNDEFED   SHT$$INIT_ARRAY$$Limit         

[87 symbols]
